Microsoft(R) 生成引擎版本 4.8.9032.0
[Microsoft .NET Framework 版本 4.0.30319.42000]
版权所有 (C) Microsoft Corporation。保留所有权利。

  Embarcadero Delphi for Win64 compiler version 37.0
  Copyright (c) 1983,2026 Embarcadero Technologies, Inc.
D:\_Progs\02Business\DeepBase\Core\DeepBase.Config.pas(58): warning W1000: Symbol 'GetConfigEncrypted' is deprecated: 'Use DeepBase.Security.LoadSecret() for secure DPAPI encryption' [D:\_Progs\02Business\DeepBase\Tests\DeepBaseTests.dproj]
D:\_Progs\02Business\DeepBase\Core\DeepBase.Config.pas(58): warning W1000: Symbol 'SetConfigEncrypted' is deprecated: 'Use DeepBase.Security.SaveSecret() for secure DPAPI encryption' [D:\_Progs\02Business\DeepBase\Tests\DeepBaseTests.dproj]
D:\_Progs\02Business\DeepBase\Core\DeepBase.Config.pas(165): warning W1000: Symbol 'GetConfigEncrypted' is deprecated: 'Use DeepBase.Security.LoadSecret() for secure DPAPI encryption' [D:\_Progs\02Business\DeepBase\Tests\DeepBaseTests.dproj]
D:\_Progs\02Business\DeepBase\Core\DeepBase.Config.pas(165): warning W1000: Symbol 'SetConfigEncrypted' is deprecated: 'Use DeepBase.Security.SaveSecret() for secure DPAPI encryption' [D:\_Progs\02Business\DeepBase\Tests\DeepBaseTests.dproj]
D:\_Progs\02Business\DeepBase\Core\DeepBase.i18n.Plural.pas(596): Hint warning H2164: Variable 'Idx' is declared but never used in 'TPluralRules.SelectForm' [D:\_Progs\02Business\DeepBase\Tests\DeepBaseTests.dproj]
D:\_Progs\02Business\DeepBase\Core\DeepBase.Logging.pas(88): Hint warning H2219: Private symbol 'NextRotatedFileName' declared but never used [D:\_Progs\02Business\DeepBase\Tests\DeepBaseTests.dproj]
D:\_Progs\02Business\DeepBase\Core\DeepBase.PluginManager.pas(884): Hint warning H2077: Value assigned to 'TDeepBasePluginManager.IsValidPluginPath' never used [D:\_Progs\02Business\DeepBase\Tests\DeepBaseTests.dproj]
D:\_Progs\02Business\DeepBase\Core\DeepBase.FormState.pas(416): Hint warning H2443: Inline function 'TRttiType.GetHandle' has not been expanded because unit 'System.TypInfo' is not specified in USES list [D:\_Progs\02Business\DeepBase\Tests\DeepBaseTests.dproj]
D:\_Progs\02Business\DeepBase\Core\DeepBase.Manager.Operational.pas(56): Hint warning H2077: Value assigned to 'TDeepBaseManagerOperational.GetRetentionDays' never used [D:\_Progs\02Business\DeepBase\Tests\DeepBaseTests.dproj]
D:\_Progs\02Business\DeepBase\Core\DeepBase.Manager.pas(579): Hint warning H2077: Value assigned to 'TDeepBaseManager.DoLocateConfigDB' never used [D:\_Progs\02Business\DeepBase\Tests\DeepBaseTests.dproj]
D:\_Progs\02Business\DeepBase\Core\DeepBase.Manager.pas(112): Hint warning H2219: Private symbol 'ValidateSchemaVersion' declared but never used [D:\_Progs\02Business\DeepBase\Tests\DeepBaseTests.dproj]
D:\_Progs\02Business\DeepBase\Core\DeepBase.Manager.pas(115): Hint warning H2219: Private symbol 'MigrateSchemaInternal' declared but never used [D:\_Progs\02Business\DeepBase\Tests\DeepBaseTests.dproj]
D:\_Progs\02Business\DeepBase\Core\DeepBase.Manager.pas(116): Hint warning H2219: Private symbol 'RunMigrationScript' declared but never used [D:\_Progs\02Business\DeepBase\Tests\DeepBaseTests.dproj]
D:\_Progs\02Business\DeepBase\Core\DeepBase.Manager.pas(117): Hint warning H2219: Private symbol 'EnsureSchemaColumns' declared but never used [D:\_Progs\02Business\DeepBase\Tests\DeepBaseTests.dproj]
D:\_Progs\02Business\DeepBase\Core\DeepBase.Manager.pas(119): Hint warning H2219: Private symbol 'GetRetentionDays' declared but never used [D:\_Progs\02Business\DeepBase\Tests\DeepBaseTests.dproj]
D:\_Progs\02Business\DeepBase\Core\DeepBase.Manager.pas(121): Hint warning H2219: Private symbol 'TableExists' declared but never used [D:\_Progs\02Business\DeepBase\Tests\DeepBaseTests.dproj]
D:\_Progs\02Business\DeepBase\Core\DeepBase.Manager.pas(122): Hint warning H2219: Private symbol 'TableHasColumn' declared but never used [D:\_Progs\02Business\DeepBase\Tests\DeepBaseTests.dproj]
D:\_Progs\02Business\DeepBase\Core\DeepBase.Manager.pas(123): Hint warning H2219: Private symbol 'ResolveTimeColumn' declared but never used [D:\_Progs\02Business\DeepBase\Tests\DeepBaseTests.dproj]
D:\_Progs\02Business\DeepBase\Core\DeepBase.Manager.pas(125): Hint warning H2219: Private symbol 'ArchiveAndTrimTable' declared but never used [D:\_Progs\02Business\DeepBase\Tests\DeepBaseTests.dproj]
D:\_Progs\02Business\DeepBase\Persistence\DeepBase.Persistence.Config.FireDAC.pas(60): Hint warning H2443: Inline function 'TFDParam.SetAsString' has not been expanded because unit 'FireDAC.Stan.Param' is not specified in USES list [D:\_Progs\02Business\DeepBase\Tests\DeepBaseTests.dproj]
D:\_Progs\02Business\DeepBase\Persistence\DeepBase.Persistence.Config.FireDAC.pas(83): Hint warning H2443: Inline function 'TFDParam.SetAsString' has not been expanded because unit 'FireDAC.Stan.Param' is not specified in USES list [D:\_Progs\02Business\DeepBase\Tests\DeepBaseTests.dproj]
D:\_Progs\02Business\DeepBase\Persistence\DeepBase.Persistence.Config.FireDAC.pas(84): Hint warning H2443: Inline function 'TFDParam.SetAsString' has not been expanded because unit 'FireDAC.Stan.Param' is not specified in USES list [D:\_Progs\02Business\DeepBase\Tests\DeepBaseTests.dproj]
D:\_Progs\02Business\DeepBase\Persistence\DeepBase.Persistence.Config.FireDAC.pas(85): Hint warning H2443: Inline function 'TFDParam.SetAsString' has not been expanded because unit 'FireDAC.Stan.Param' is not specified in USES list [D:\_Progs\02Business\DeepBase\Tests\DeepBaseTests.dproj]
D:\_Progs\02Business\DeepBase\Persistence\DeepBase.Persistence.Config.FireDAC.pas(86): Hint warning H2443: Inline function 'TFDParam.SetAsString' has not been expanded because unit 'FireDAC.Stan.Param' is not specified in USES list [D:\_Progs\02Business\DeepBase\Tests\DeepBaseTests.dproj]
D:\_Progs\02Business\DeepBase\Persistence\DeepBase.Persistence.Config.FireDAC.pas(87): Hint warning H2443: Inline function 'TFDParam.SetAsString' has not been expanded because unit 'FireDAC.Stan.Param' is not specified in USES list [D:\_Progs\02Business\DeepBase\Tests\DeepBaseTests.dproj]
D:\_Progs\02Business\DeepBase\Persistence\DeepBase.Persistence.Config.FireDAC.pas(138): Hint warning H2443: Inline function 'TFDParam.SetAsString' has not been expanded because unit 'FireDAC.Stan.Param' is not specified in USES list [D:\_Progs\02Business\DeepBase\Tests\DeepBaseTests.dproj]
D:\_Progs\02Business\DeepBase\Persistence\DeepBase.Persistence.Config.FireDAC.pas(165): Hint warning H2443: Inline function 'TFDParam.SetAsString' has not been expanded because unit 'FireDAC.Stan.Param' is not specified in USES list [D:\_Progs\02Business\DeepBase\Tests\DeepBaseTests.dproj]
D:\_Progs\02Business\DeepBase\Persistence\DeepBase.Persistence.Config.FireDAC.pas(184): Hint warning H2443: Inline function 'TFDParam.SetAsString' has not been expanded because unit 'FireDAC.Stan.Param' is not specified in USES list [D:\_Progs\02Business\DeepBase\Tests\DeepBaseTests.dproj]
D:\_Progs\02Business\DeepBase\Persistence\DeepBase.Persistence.Manager.FireDAC.pas(137): Hint warning H2443: Inline function 'TFDParam.SetAsString' has not been expanded because unit 'FireDAC.Stan.Param' is not specified in USES list [D:\_Progs\02Business\DeepBase\Tests\DeepBaseTests.dproj]
D:\_Progs\02Business\DeepBase\Persistence\DeepBase.Persistence.Manager.FireDAC.pas(143): Hint warning H2443: Inline function 'TFDParam.SetAsString' has not been expanded because unit 'FireDAC.Stan.Param' is not specified in USES list [D:\_Progs\02Business\DeepBase\Tests\DeepBaseTests.dproj]
D:\_Progs\02Business\DeepBase\Persistence\DeepBase.Persistence.Manager.FireDAC.pas(188): Hint warning H2443: Inline function 'TFDParam.SetAsString' has not been expanded because unit 'FireDAC.Stan.Param' is not specified in USES list [D:\_Progs\02Business\DeepBase\Tests\DeepBaseTests.dproj]
D:\_Progs\02Business\DeepBase\Persistence\DeepBase.Persistence.Manager.FireDAC.pas(189): Hint warning H2443: Inline function 'TFDParam.SetAsString' has not been expanded because unit 'FireDAC.Stan.Param' is not specified in USES list [D:\_Progs\02Business\DeepBase\Tests\DeepBaseTests.dproj]
D:\_Progs\02Business\DeepBase\Persistence\DeepBase.Persistence.Manager.FireDAC.pas(254): Hint warning H2443: Inline function 'TFDParam.SetAsString' has not been expanded because unit 'FireDAC.Stan.Param' is not specified in USES list [D:\_Progs\02Business\DeepBase\Tests\DeepBaseTests.dproj]
D:\_Progs\02Business\DeepBase\Persistence\DeepBase.Persistence.Manager.FireDAC.pas(258): Hint warning H2443: Inline function 'TFDParam.SetAsString' has not been expanded because unit 'FireDAC.Stan.Param' is not specified in USES list [D:\_Progs\02Business\DeepBase\Tests\DeepBaseTests.dproj]
D:\_Progs\02Business\DeepBase\Persistence\DeepBase.Persistence.Manager.FireDAC.pas(277): Hint warning H2443: Inline function 'TFDParam.SetAsString' has not been expanded because unit 'FireDAC.Stan.Param' is not specified in USES list [D:\_Progs\02Business\DeepBase\Tests\DeepBaseTests.dproj]
D:\_Progs\02Business\DeepBase\Persistence\DeepBase.Persistence.Manager.FireDAC.pas(302): Hint warning H2443: Inline function 'TFDParam.SetAsString' has not been expanded because unit 'FireDAC.Stan.Param' is not specified in USES list [D:\_Progs\02Business\DeepBase\Tests\DeepBaseTests.dproj]
D:\_Progs\02Business\DeepBase\Persistence\DeepBase.Persistence.Manager.FireDAC.pas(303): Hint warning H2443: Inline function 'TFDParam.SetAsString' has not been expanded because unit 'FireDAC.Stan.Param' is not specified in USES list [D:\_Progs\02Business\DeepBase\Tests\DeepBaseTests.dproj]
D:\_Progs\02Business\DeepBase\Persistence\DeepBase.Persistence.Manager.FireDAC.pas(310): Hint warning H2443: Inline function 'TFDParam.SetAsString' has not been expanded because unit 'FireDAC.Stan.Param' is not specified in USES list [D:\_Progs\02Business\DeepBase\Tests\DeepBaseTests.dproj]
D:\_Progs\02Business\DeepBase\Persistence\DeepBase.Persistence.Manager.FireDAC.pas(318): Hint warning H2443: Inline function 'TFDParam.SetAsString' has not been expanded because unit 'FireDAC.Stan.Param' is not specified in USES list [D:\_Progs\02Business\DeepBase\Tests\DeepBaseTests.dproj]
D:\_Progs\02Business\DeepBase\Persistence\DeepBase.Persistence.Manager.FireDAC.pas(319): Hint warning H2443: Inline function 'TFDParam.SetAsString' has not been expanded because unit 'FireDAC.Stan.Param' is not specified in USES list [D:\_Progs\02Business\DeepBase\Tests\DeepBaseTests.dproj]
Test.DeepBase.Manager.pas(166): Hint warning H2164: Variable 'ErrorMsg' is declared but never used in 'TTestDeepBaseManager.Test_InitializeEx_ReturnsErrorMsg' [D:\_Progs\02Business\DeepBase\Tests\DeepBaseTests.dproj]
Test.DeepBase.Manager.pas(333): Hint warning H2443: Inline function 'TFDParam.SetAsString' has not been expanded because unit 'FireDAC.Stan.Param' is not specified in USES list [D:\_Progs\02Business\DeepBase\Tests\DeepBaseTests.dproj]
Test.DeepBase.Manager.pas(334): Hint warning H2443: Inline function 'TFDParam.SetAsString' has not been expanded because unit 'FireDAC.Stan.Param' is not specified in USES list [D:\_Progs\02Business\DeepBase\Tests\DeepBaseTests.dproj]
Test.DeepBase.Manager.pas(405): Hint warning H2443: Inline function 'TFDParam.SetAsString' has not been expanded because unit 'FireDAC.Stan.Param' is not specified in USES list [D:\_Progs\02Business\DeepBase\Tests\DeepBaseTests.dproj]
Test.DeepBase.Manager.pas(406): Hint warning H2443: Inline function 'TFDParam.SetAsString' has not been expanded because unit 'FireDAC.Stan.Param' is not specified in USES list [D:\_Progs\02Business\DeepBase\Tests\DeepBaseTests.dproj]
Test.DeepBase.Manager.pas(407): Hint warning H2443: Inline function 'TFDParam.SetAsString' has not been expanded because unit 'FireDAC.Stan.Param' is not specified in USES list [D:\_Progs\02Business\DeepBase\Tests\DeepBaseTests.dproj]
Test.DeepBase.Manager.pas(408): Hint warning H2443: Inline function 'TFDParam.SetAsString' has not been expanded because unit 'FireDAC.Stan.Param' is not specified in USES list [D:\_Progs\02Business\DeepBase\Tests\DeepBaseTests.dproj]
Test.DeepBase.Manager.pas(409): Hint warning H2443: Inline function 'TFDParam.SetAsString' has not been expanded because unit 'FireDAC.Stan.Param' is not specified in USES list [D:\_Progs\02Business\DeepBase\Tests\DeepBaseTests.dproj]
Test.DeepBase.Manager.pas(410): Hint warning H2443: Inline function 'TFDParam.SetAsString' has not been expanded because unit 'FireDAC.Stan.Param' is not specified in USES list [D:\_Progs\02Business\DeepBase\Tests\DeepBaseTests.dproj]
Test.DeepBase.Manager.pas(411): Hint warning H2443: Inline function 'TFDParam.SetAsString' has not been expanded because unit 'FireDAC.Stan.Param' is not specified in USES list [D:\_Progs\02Business\DeepBase\Tests\DeepBaseTests.dproj]
Test.DeepBase.Manager.pas(412): Hint warning H2443: Inline function 'TFDParam.SetAsString' has not been expanded because unit 'FireDAC.Stan.Param' is not specified in USES list [D:\_Progs\02Business\DeepBase\Tests\DeepBaseTests.dproj]
Test.DeepBase.Manager.pas(418): Hint warning H2443: Inline function 'TFDParam.SetAsString' has not been expanded because unit 'FireDAC.Stan.Param' is not specified in USES list [D:\_Progs\02Business\DeepBase\Tests\DeepBaseTests.dproj]
Test.DeepBase.Manager.pas(419): Hint warning H2443: Inline function 'TFDParam.SetAsString' has not been expanded because unit 'FireDAC.Stan.Param' is not specified in USES list [D:\_Progs\02Business\DeepBase\Tests\DeepBaseTests.dproj]
Test.DeepBase.Manager.pas(421): Hint warning H2443: Inline function 'TFDParam.SetAsString' has not been expanded because unit 'FireDAC.Stan.Param' is not specified in USES list [D:\_Progs\02Business\DeepBase\Tests\DeepBaseTests.dproj]
Test.DeepBase.Manager.pas(422): Hint warning H2443: Inline function 'TFDParam.SetAsString' has not been expanded because unit 'FireDAC.Stan.Param' is not specified in USES list [D:\_Progs\02Business\DeepBase\Tests\DeepBaseTests.dproj]
Test.DeepBase.Manager.pas(428): Hint warning H2443: Inline function 'TFDParam.SetAsString' has not been expanded because unit 'FireDAC.Stan.Param' is not specified in USES list [D:\_Progs\02Business\DeepBase\Tests\DeepBaseTests.dproj]
Test.DeepBase.Manager.pas(429): Hint warning H2443: Inline function 'TFDParam.SetAsString' has not been expanded because unit 'FireDAC.Stan.Param' is not specified in USES list [D:\_Progs\02Business\DeepBase\Tests\DeepBaseTests.dproj]
Test.DeepBase.Manager.pas(431): Hint warning H2443: Inline function 'TFDParam.SetAsString' has not been expanded because unit 'FireDAC.Stan.Param' is not specified in USES list [D:\_Progs\02Business\DeepBase\Tests\DeepBaseTests.dproj]
Test.DeepBase.Manager.pas(432): Hint warning H2443: Inline function 'TFDParam.SetAsString' has not been expanded because unit 'FireDAC.Stan.Param' is not specified in USES list [D:\_Progs\02Business\DeepBase\Tests\DeepBaseTests.dproj]
Test.DeepBase.Manager.pas(438): Hint warning H2443: Inline function 'TFDParam.SetAsString' has not been expanded because unit 'FireDAC.Stan.Param' is not specified in USES list [D:\_Progs\02Business\DeepBase\Tests\DeepBaseTests.dproj]
Test.DeepBase.Manager.pas(439): Hint warning H2443: Inline function 'TFDParam.SetAsString' has not been expanded because unit 'FireDAC.Stan.Param' is not specified in USES list [D:\_Progs\02Business\DeepBase\Tests\DeepBaseTests.dproj]
Test.DeepBase.Manager.pas(441): Hint warning H2443: Inline function 'TFDParam.SetAsString' has not been expanded because unit 'FireDAC.Stan.Param' is not specified in USES list [D:\_Progs\02Business\DeepBase\Tests\DeepBaseTests.dproj]
Test.DeepBase.Manager.pas(442): Hint warning H2443: Inline function 'TFDParam.SetAsString' has not been expanded because unit 'FireDAC.Stan.Param' is not specified in USES list [D:\_Progs\02Business\DeepBase\Tests\DeepBaseTests.dproj]
Test.DeepBase.i18n.pas(340): Hint warning H2077: Value assigned to 'EventFired' never used [D:\_Progs\02Business\DeepBase\Tests\DeepBaseTests.dproj]
Test.DeepBase.Hotkeys.pas(495): warning W1057: Implicit string cast from 'AnsiString' to 'string' [D:\_Progs\02Business\DeepBase\Tests\DeepBaseTests.dproj]
Test.DeepBase.Hotkeys.pas(508): warning W1057: Implicit string cast from 'AnsiString' to 'string' [D:\_Progs\02Business\DeepBase\Tests\DeepBaseTests.dproj]
Test.DeepBase.Hotkeys.pas(501): Hint warning H2164: Variable 'I' is declared but never used in 'TTestDeepBaseHotkeys.Test_GetAllHotkeys' [D:\_Progs\02Business\DeepBase\Tests\DeepBaseTests.dproj]
D:\_Progs\02Business\DeepBase\Core\DeepBase.License.pas(282): Hint warning H2164: Variable 'UserName' is declared but never used in 'TDeepBaseLicense.GenerateDeviceFingerprint' [D:\_Progs\02Business\DeepBase\Tests\DeepBaseTests.dproj]
D:\_Progs\02Business\DeepBase\Features\DeepBase.Net.Transport.pas(153): Hint warning H2443: Inline function 'THTTPClient.SetContentType' has not been expanded because unit 'System.NetConsts' is not specified in USES list [D:\_Progs\02Business\DeepBase\Tests\DeepBaseTests.dproj]
D:\_Progs\02Business\DeepBase\Core\DeepBase.Crypto.pas(1113): Hint warning H2077: Value assigned to 'TPasswordUtils.CheckStrength' never used [D:\_Progs\02Business\DeepBase\Tests\DeepBaseTests.dproj]
D:\_Progs\02Business\DeepBase\Core\DeepBase.Crypto.pas(1849): Hint warning H2077: Value assigned to 'LLen' never used [D:\_Progs\02Business\DeepBase\Tests\DeepBaseTests.dproj]
D:\_Progs\02Business\DeepBase\Core\DeepBase.Crypto.pas(1842): Hint warning H2077: Value assigned to 'LLen' never used [D:\_Progs\02Business\DeepBase\Tests\DeepBaseTests.dproj]
D:\_Progs\02Business\DeepBase\Core\DeepBase.Crypto.pas(1833): Hint warning H2077: Value assigned to 'LLen' never used [D:\_Progs\02Business\DeepBase\Tests\DeepBaseTests.dproj]
D:\_Progs\02Business\DeepBase\Features\DeepBase.Updater.pas(504): Hint warning H2164: Variable 'MainParts' is declared but never used in 'TSemanticVersion.Parse' [D:\_Progs\02Business\DeepBase\Tests\DeepBaseTests.dproj]
D:\_Progs\02Business\DeepBase\Core\DeepBase.DBException.pas(99): warning W1057: Implicit string cast from 'AnsiString' to 'string' [D:\_Progs\02Business\DeepBase\Tests\DeepBaseTests.dproj]
D:\_Progs\02Business\DeepBase\Core\DeepBase.DBException.pas(103): warning W1057: Implicit string cast from 'AnsiString' to 'string' [D:\_Progs\02Business\DeepBase\Tests\DeepBaseTests.dproj]
D:\_Progs\02Business\DeepBase\Core\DeepBase.DBException.pas(105): warning W1057: Implicit string cast from 'AnsiString' to 'string' [D:\_Progs\02Business\DeepBase\Tests\DeepBaseTests.dproj]
D:\_Progs\02Business\DeepBase\Core\DeepBase.DBException.pas(107): warning W1057: Implicit string cast from 'AnsiString' to 'string' [D:\_Progs\02Business\DeepBase\Tests\DeepBaseTests.dproj]
D:\_Progs\02Business\DeepBase\Core\DeepBase.DBException.pas(108): warning W1057: Implicit string cast from 'AnsiString' to 'string' [D:\_Progs\02Business\DeepBase\Tests\DeepBaseTests.dproj]
D:\_Progs\02Business\DeepBase\Core\DeepBase.DBException.pas(110): warning W1057: Implicit string cast from 'AnsiString' to 'string' [D:\_Progs\02Business\DeepBase\Tests\DeepBaseTests.dproj]
D:\_Progs\02Business\DeepBase\Core\DeepBase.DBException.pas(114): warning W1057: Implicit string cast from 'AnsiString' to 'string' [D:\_Progs\02Business\DeepBase\Tests\DeepBaseTests.dproj]
D:\_Progs\02Business\DeepBase\Core\DeepBase.DBException.pas(115): warning W1057: Implicit string cast from 'AnsiString' to 'string' [D:\_Progs\02Business\DeepBase\Tests\DeepBaseTests.dproj]
D:\_Progs\02Business\DeepBase\Core\DeepBase.DBException.pas(116): warning W1057: Implicit string cast from 'AnsiString' to 'string' [D:\_Progs\02Business\DeepBase\Tests\DeepBaseTests.dproj]
D:\_Progs\02Business\DeepBase\Core\DeepBase.DBException.pas(119): warning W1057: Implicit string cast from 'AnsiString' to 'string' [D:\_Progs\02Business\DeepBase\Tests\DeepBaseTests.dproj]
D:\_Progs\02Business\DeepBase\Core\DeepBase.DBException.pas(120): warning W1057: Implicit string cast from 'AnsiString' to 'string' [D:\_Progs\02Business\DeepBase\Tests\DeepBaseTests.dproj]
D:\_Progs\02Business\DeepBase\Core\DeepBase.DBException.pas(120): warning W1057: Implicit string cast from 'AnsiString' to 'string' [D:\_Progs\02Business\DeepBase\Tests\DeepBaseTests.dproj]
D:\_Progs\02Business\DeepBase\Persistence\DeepBase.SQLLogger.pas(491): Hint warning H2443: Inline function 'TFDParam.SetAsString' has not been expanded because unit 'FireDAC.Stan.Param' is not specified in USES list [D:\_Progs\02Business\DeepBase\Tests\DeepBaseTests.dproj]
D:\_Progs\02Business\DeepBase\Persistence\DeepBase.SQLLogger.pas(492): Hint warning H2443: Inline function 'TFDParam.SetAsString' has not been expanded because unit 'FireDAC.Stan.Param' is not specified in USES list [D:\_Progs\02Business\DeepBase\Tests\DeepBaseTests.dproj]
D:\_Progs\02Business\DeepBase\Persistence\DeepBase.SQLLogger.pas(493): Hint warning H2443: Inline function 'TFDParam.SetAsString' has not been expanded because unit 'FireDAC.Stan.Param' is not specified in USES list [D:\_Progs\02Business\DeepBase\Tests\DeepBaseTests.dproj]
D:\_Progs\02Business\DeepBase\Persistence\DeepBase.SQLLogger.pas(494): Hint warning H2443: Inline function 'TFDParam.SetAsString' has not been expanded because unit 'FireDAC.Stan.Param' is not specified in USES list [D:\_Progs\02Business\DeepBase\Tests\DeepBaseTests.dproj]
D:\_Progs\02Business\DeepBase\Persistence\DeepBase.SQLLogger.pas(497): Hint warning H2443: Inline function 'TFDParam.SetAsString' has not been expanded because unit 'FireDAC.Stan.Param' is not specified in USES list [D:\_Progs\02Business\DeepBase\Tests\DeepBaseTests.dproj]
D:\_Progs\02Business\DeepBase\Persistence\DeepBase.SQLLogger.pas(498): Hint warning H2443: Inline function 'TFDParam.SetAsString' has not been expanded because unit 'FireDAC.Stan.Param' is not specified in USES list [D:\_Progs\02Business\DeepBase\Tests\DeepBaseTests.dproj]
D:\_Progs\02Business\DeepBase\Persistence\DeepBase.SQLLogger.pas(499): Hint warning H2443: Inline function 'TFDParam.SetAsDateTime' has not been expanded because unit 'FireDAC.Stan.Param' is not specified in USES list [D:\_Progs\02Business\DeepBase\Tests\DeepBaseTests.dproj]
D:\_Progs\02Business\DeepBase\Persistence\DeepBase.SQLLogger.pas(500): Hint warning H2443: Inline function 'TFDParam.SetAsString' has not been expanded because unit 'FireDAC.Stan.Param' is not specified in USES list [D:\_Progs\02Business\DeepBase\Tests\DeepBaseTests.dproj]
D:\_Progs\02Business\DeepBase\Persistence\DeepBase.SQLLogger.pas(501): Hint warning H2443: Inline function 'TFDParam.SetAsString' has not been expanded because unit 'FireDAC.Stan.Param' is not specified in USES list [D:\_Progs\02Business\DeepBase\Tests\DeepBaseTests.dproj]
D:\_Progs\02Business\DeepBase\Persistence\DeepBase.SQLLogger.pas(504): Hint warning H2443: Inline function 'TFDParam.SetAsString' has not been expanded because unit 'FireDAC.Stan.Param' is not specified in USES list [D:\_Progs\02Business\DeepBase\Tests\DeepBaseTests.dproj]
D:\_Progs\02Business\DeepBase\Core\DeepBase.Protection.pas(137): Hint warning H2219: Private symbol 'EncryptCbcBytes' declared but never used [D:\_Progs\02Business\DeepBase\Tests\DeepBaseTests.dproj]
D:\_Progs\02Business\DeepBase\Core\DeepBase.Protection.pas(144): Hint warning H2219: Private symbol 'GetHashBytes' declared but never used [D:\_Progs\02Business\DeepBase\Tests\DeepBaseTests.dproj]
D:\_Progs\02Business\DeepBase\Core\DeepBase.Security.DPAPI.pas(383): Hint warning H2077: Value assigned to 'TDPAPIHelper.IsAvailable' never used [D:\_Progs\02Business\DeepBase\Tests\DeepBaseTests.dproj]
D:\_Progs\02Business\DeepBase\Persistence\DeepBase.DB.Migrations.pas(325): Hint warning H2077: Value assigned to 'TMigrationEngine.AlreadyApplied' never used [D:\_Progs\02Business\DeepBase\Tests\DeepBaseTests.dproj]
D:\_Progs\02Business\DeepBase\Core\DeepBase.LLM.pas(1362): Hint warning H2077: Value assigned to 'TDeepBaseLLM.DoHttpRequest' never used [D:\_Progs\02Business\DeepBase\Tests\DeepBaseTests.dproj]
D:\_Progs\02Business\DeepBase\Core\DeepBase.LLM.pas(1656): Hint warning H2077: Value assigned to 'TDeepBaseLLM.ChatWithMessages' never used [D:\_Progs\02Business\DeepBase\Tests\DeepBaseTests.dproj]
D:\_Progs\02Business\DeepBase\Features\DeepBase.LLM.HTTP.pas(154): Hint warning H2164: Variable 'ContentArr' is declared but never used in 'TLLMHttpClient.BuildOpenAIVisionRequest' [D:\_Progs\02Business\DeepBase\Tests\DeepBaseTests.dproj]
D:\_Progs\02Business\DeepBase\Features\DeepBase.LLM.HTTP.pas(156): Hint warning H2164: Variable 'I' is declared but never used in 'TLLMHttpClient.BuildOpenAIVisionRequest' [D:\_Progs\02Business\DeepBase\Tests\DeepBaseTests.dproj]
D:\_Progs\02Business\DeepBase\Features\DeepBase.LLM.HTTP.pas(266): Hint warning H2443: Inline function 'TJSONArray.GetValue' has not been expanded because unit 'System.Generics.Collections' is not specified in USES list [D:\_Progs\02Business\DeepBase\Tests\DeepBaseTests.dproj]
D:\_Progs\02Business\DeepBase\Features\DeepBase.LLM.HTTP.pas(299): Hint warning H2443: Inline function 'TJSONArray.GetValue' has not been expanded because unit 'System.Generics.Collections' is not specified in USES list [D:\_Progs\02Business\DeepBase\Tests\DeepBaseTests.dproj]
D:\_Progs\02Business\DeepBase\Features\DeepBase.LLM.HTTP.pas(514): Hint warning H2443: Inline function 'TJSONArray.GetValue' has not been expanded because unit 'System.Generics.Collections' is not specified in USES list [D:\_Progs\02Business\DeepBase\Tests\DeepBaseTests.dproj]
D:\_Progs\02Business\DeepBase\Features\DeepBase.LLM.HTTP.pas(517): Hint warning H2443: Inline function 'TJSONArray.GetValue' has not been expanded because unit 'System.Generics.Collections' is not specified in USES list [D:\_Progs\02Business\DeepBase\Tests\DeepBaseTests.dproj]
D:\_Progs\02Business\DeepBase\Features\DeepBase.LLM.HTTP.pas(518): Hint warning H2443: Inline function 'TJSONArray.GetValue' has not been expanded because unit 'System.Generics.Collections' is not specified in USES list [D:\_Progs\02Business\DeepBase\Tests\DeepBaseTests.dproj]
D:\_Progs\02Business\DeepBase\Features\DeepBase.LLM.HTTP.pas(630): Hint warning H2443: Inline function 'TJSONArray.GetValue' has not been expanded because unit 'System.Generics.Collections' is not specified in USES list [D:\_Progs\02Business\DeepBase\Tests\DeepBaseTests.dproj]
D:\_Progs\02Business\DeepBase\Features\DeepBase.LLM.HTTP.pas(619): Hint warning H2077: Value assigned to 'Done' never used [D:\_Progs\02Business\DeepBase\Tests\DeepBaseTests.dproj]
D:\_Progs\02Business\DeepBase\Features\DeepBase.IntentClarification.Router.pas(150): Hint warning H2164: Variable 'LMaxConf' is declared but never used in 'TPostureDepthRouter.ComputePosture' [D:\_Progs\02Business\DeepBase\Tests\DeepBaseTests.dproj]
D:\_Progs\02Business\DeepBase\Features\DeepBase.IntentClarification.SignalDetector.pas(124): warning W1057: Implicit string cast from 'AnsiString' to 'string' [D:\_Progs\02Business\DeepBase\Tests\DeepBaseTests.dproj]
D:\_Progs\02Business\DeepBase\Features\DeepBase.IntentClarification.SignalDetector.pas(124): warning W1057: Implicit string cast from 'AnsiString' to 'string' [D:\_Progs\02Business\DeepBase\Tests\DeepBaseTests.dproj]
D:\_Progs\02Business\DeepBase\Features\DeepBase.IntentClarification.SignalDetector.pas(130): warning W1057: Implicit string cast from 'AnsiString' to 'string' [D:\_Progs\02Business\DeepBase\Tests\DeepBaseTests.dproj]
D:\_Progs\02Business\DeepBase\Features\DeepBase.IntentClarification.SignalDetector.pas(138): warning W1057: Implicit string cast from 'AnsiString' to 'string' [D:\_Progs\02Business\DeepBase\Tests\DeepBaseTests.dproj]
D:\_Progs\02Business\DeepBase\Features\DeepBase.IntentClarification.SignalDetector.pas(186): warning W1057: Implicit string cast from 'AnsiString' to 'string' [D:\_Progs\02Business\DeepBase\Tests\DeepBaseTests.dproj]
D:\_Progs\02Business\DeepBase\Features\DeepBase.IntentClarification.SignalDetector.pas(199): warning W1057: Implicit string cast from 'AnsiString' to 'string' [D:\_Progs\02Business\DeepBase\Tests\DeepBaseTests.dproj]
D:\_Progs\02Business\DeepBase\Features\DeepBase.IntentClarification.SignalDetector.pas(233): warning W1057: Implicit string cast from 'AnsiString' to 'string' [D:\_Progs\02Business\DeepBase\Tests\DeepBaseTests.dproj]
D:\_Progs\02Business\DeepBase\Features\DeepBase.IntentClarification.SignalDetector.pas(234): warning W1057: Implicit string cast from 'AnsiString' to 'string' [D:\_Progs\02Business\DeepBase\Tests\DeepBaseTests.dproj]
D:\_Progs\02Business\DeepBase\Features\DeepBase.IntentClarification.SignalDetector.pas(291): warning W1057: Implicit string cast from 'AnsiString' to 'string' [D:\_Progs\02Business\DeepBase\Tests\DeepBaseTests.dproj]
D:\_Progs\02Business\DeepBase\Features\DeepBase.IntentClarification.SignalDetector.pas(306): warning W1057: Implicit string cast from 'AnsiString' to 'string' [D:\_Progs\02Business\DeepBase\Tests\DeepBaseTests.dproj]
D:\_Progs\02Business\DeepBase\Features\DeepBase.IntentClarification.SignalDetector.pas(307): warning W1057: Implicit string cast from 'AnsiString' to 'string' [D:\_Progs\02Business\DeepBase\Tests\DeepBaseTests.dproj]
D:\_Progs\02Business\DeepBase\Features\DeepBase.IntentClarification.SignalDetector.pas(339): warning W1057: Implicit string cast from 'AnsiString' to 'string' [D:\_Progs\02Business\DeepBase\Tests\DeepBaseTests.dproj]
D:\_Progs\02Business\DeepBase\Features\DeepBase.IntentClarification.SignalDetector.pas(340): warning W1057: Implicit string cast from 'AnsiString' to 'string' [D:\_Progs\02Business\DeepBase\Tests\DeepBaseTests.dproj]
D:\_Progs\02Business\DeepBase\Features\DeepBase.IntentClarification.SignalDetector.pas(348): warning W1057: Implicit string cast from 'AnsiString' to 'string' [D:\_Progs\02Business\DeepBase\Tests\DeepBaseTests.dproj]
D:\_Progs\02Business\DeepBase\Features\DeepBase.IntentClarification.SignalDetector.pas(349): warning W1057: Implicit string cast from 'AnsiString' to 'string' [D:\_Progs\02Business\DeepBase\Tests\DeepBaseTests.dproj]
D:\_Progs\02Business\DeepBase\Features\DeepBase.IntentClarification.SignalDetector.pas(349): warning W1057: Implicit string cast from 'AnsiString' to 'string' [D:\_Progs\02Business\DeepBase\Tests\DeepBaseTests.dproj]
D:\_Progs\02Business\DeepBase\Features\DeepBase.IntentClarification.SignalDetector.pas(350): warning W1057: Implicit string cast from 'AnsiString' to 'string' [D:\_Progs\02Business\DeepBase\Tests\DeepBaseTests.dproj]
D:\_Progs\02Business\DeepBase\Features\DeepBase.IntentClarification.SignalDetector.pas(350): warning W1057: Implicit string cast from 'AnsiString' to 'string' [D:\_Progs\02Business\DeepBase\Tests\DeepBaseTests.dproj]
D:\_Progs\02Business\DeepBase\Features\DeepBase.IntentClarification.Exit.pas(48): warning W1057: Implicit string cast from 'AnsiString' to 'string' [D:\_Progs\02Business\DeepBase\Tests\DeepBaseTests.dproj]
D:\_Progs\02Business\DeepBase\Features\DeepBase.IntentClarification.Exit.pas(56): warning W1057: Implicit string cast from 'AnsiString' to 'string' [D:\_Progs\02Business\DeepBase\Tests\DeepBaseTests.dproj]
D:\_Progs\02Business\DeepBase\Features\DeepBase.IntentClarification.Exit.pas(59): warning W1057: Implicit string cast from 'AnsiString' to 'string' [D:\_Progs\02Business\DeepBase\Tests\DeepBaseTests.dproj]
D:\_Progs\02Business\DeepBase\Features\DeepBase.IntentClarification.Exit.pas(61): warning W1057: Implicit string cast from 'AnsiString' to 'string' [D:\_Progs\02Business\DeepBase\Tests\DeepBaseTests.dproj]
D:\_Progs\02Business\DeepBase\Features\DeepBase.IntentClarification.Exit.pas(65): warning W1057: Implicit string cast from 'AnsiString' to 'string' [D:\_Progs\02Business\DeepBase\Tests\DeepBaseTests.dproj]
D:\_Progs\02Business\DeepBase\Features\DeepBase.IntentClarification.Exit.pas(68): warning W1057: Implicit string cast from 'AnsiString' to 'string' [D:\_Progs\02Business\DeepBase\Tests\DeepBaseTests.dproj]
D:\_Progs\02Business\DeepBase\Features\DeepBase.IntentClarification.Exit.pas(76): warning W1057: Implicit string cast from 'AnsiString' to 'string' [D:\_Progs\02Business\DeepBase\Tests\DeepBaseTests.dproj]
D:\_Progs\02Business\DeepBase\Features\DeepBase.IntentClarification.Exit.pas(79): warning W1057: Implicit string cast from 'AnsiString' to 'string' [D:\_Progs\02Business\DeepBase\Tests\DeepBaseTests.dproj]
D:\_Progs\02Business\DeepBase\Features\DeepBase.IntentClarification.Exit.pas(81): warning W1057: Implicit string cast from 'AnsiString' to 'string' [D:\_Progs\02Business\DeepBase\Tests\DeepBaseTests.dproj]
D:\_Progs\02Business\DeepBase\Features\DeepBase.IntentClarification.Exit.pas(84): warning W1057: Implicit string cast from 'AnsiString' to 'string' [D:\_Progs\02Business\DeepBase\Tests\DeepBaseTests.dproj]
D:\_Progs\02Business\DeepBase\Features\DeepBase.IntentClarification.Exit.pas(87): warning W1057: Implicit string cast from 'AnsiString' to 'string' [D:\_Progs\02Business\DeepBase\Tests\DeepBaseTests.dproj]
D:\_Progs\02Business\DeepBase\Features\DeepBase.IntentClarification.Exit.pas(88): warning W1057: Implicit string cast from 'AnsiString' to 'string' [D:\_Progs\02Business\DeepBase\Tests\DeepBaseTests.dproj]
D:\_Progs\02Business\DeepBase\Features\DeepBase.IntentClarification.Exit.pas(92): warning W1057: Implicit string cast from 'AnsiString' to 'string' [D:\_Progs\02Business\DeepBase\Tests\DeepBaseTests.dproj]
D:\_Progs\02Business\DeepBase\Features\DeepBase.IntentClarification.Exit.pas(100): warning W1057: Implicit string cast from 'AnsiString' to 'string' [D:\_Progs\02Business\DeepBase\Tests\DeepBaseTests.dproj]
D:\_Progs\02Business\DeepBase\Features\DeepBase.IntentClarification.OptionFrame.pas(121): warning W1057: Implicit string cast from 'AnsiString' to 'string' [D:\_Progs\02Business\DeepBase\Tests\DeepBaseTests.dproj]
D:\_Progs\02Business\DeepBase\Features\DeepBase.IntentClarification.OptionFrame.pas(123): warning W1057: Implicit string cast from 'AnsiString' to 'string' [D:\_Progs\02Business\DeepBase\Tests\DeepBaseTests.dproj]
D:\_Progs\02Business\DeepBase\Features\DeepBase.IntentClarification.OptionFrame.pas(125): warning W1057: Implicit string cast from 'AnsiString' to 'string' [D:\_Progs\02Business\DeepBase\Tests\DeepBaseTests.dproj]
D:\_Progs\02Business\DeepBase\Core\DeepBase.EventBus.pas(510): warning W1057: Implicit string cast from 'System.TypInfo.TSymbolName' to 'string' [D:\_Progs\02Business\DeepBase\Tests\DeepBaseTests.dproj]
D:\_Progs\02Business\DeepBase\Features\DeepBase.IntentClarification.Storage.pas(216): Hint warning H2443: Inline function 'TDataSet.IsEmpty' has not been expanded because unit 'Data.DB' is not specified in USES list [D:\_Progs\02Business\DeepBase\Tests\DeepBaseTests.dproj]
D:\_Progs\02Business\DeepBase\Features\DeepBase.IntentClarification.Storage.pas(269): Hint warning H2443: Inline function 'TDataSet.IsEmpty' has not been expanded because unit 'Data.DB' is not specified in USES list [D:\_Progs\02Business\DeepBase\Tests\DeepBaseTests.dproj]
D:\_Progs\02Business\DeepBase\Features\DeepBase.IntentClarification.Storage.pas(349): Hint warning H2443: Inline function 'TJSONArray.GetValue' has not been expanded because unit 'System.Generics.Collections' is not specified in USES list [D:\_Progs\02Business\DeepBase\Tests\DeepBaseTests.dproj]
D:\_Progs\02Business\DeepBase\Features\DeepBase.IntentClarification.Provider.L1.pas(97): Hint warning H2164: Variable 'LSlot' is declared but never used in 'TL1SlotProvider.BuildRequest' [D:\_Progs\02Business\DeepBase\Tests\DeepBaseTests.dproj]
D:\_Progs\02Business\DeepBase\Features\DeepBase.IntentClarification.Provider.L1.pas(98): Hint warning H2164: Variable 'LSlots' is declared but never used in 'TL1SlotProvider.BuildRequest' [D:\_Progs\02Business\DeepBase\Tests\DeepBaseTests.dproj]
D:\_Progs\02Business\DeepBase\Features\DeepBase.IntentClarification.Provider.L2.pas(226): warning W1057: Implicit string cast from 'AnsiString' to 'string' [D:\_Progs\02Business\DeepBase\Tests\DeepBaseTests.dproj]
D:\_Progs\02Business\DeepBase\Features\DeepBase.IntentClarification.Provider.L2.pas(250): warning W1057: Implicit string cast from 'AnsiString' to 'string' [D:\_Progs\02Business\DeepBase\Tests\DeepBaseTests.dproj]
D:\_Progs\02Business\DeepBase\Features\DeepBase.IntentClarification.Provider.L3.pas(107): warning W1057: Implicit string cast from 'AnsiString' to 'string' [D:\_Progs\02Business\DeepBase\Tests\DeepBaseTests.dproj]
D:\_Progs\02Business\DeepBase\Features\DeepBase.IntentClarification.Provider.L3.pas(109): warning W1057: Implicit string cast from 'AnsiString' to 'string' [D:\_Progs\02Business\DeepBase\Tests\DeepBaseTests.dproj]
D:\_Progs\02Business\DeepBase\Features\DeepBase.IntentClarification.Provider.L3.pas(111): warning W1057: Implicit string cast from 'AnsiString' to 'string' [D:\_Progs\02Business\DeepBase\Tests\DeepBaseTests.dproj]
D:\_Progs\02Business\DeepBase\Features\DeepBase.IntentClarification.Provider.L3.pas(199): warning W1057: Implicit string cast from 'AnsiString' to 'string' [D:\_Progs\02Business\DeepBase\Tests\DeepBaseTests.dproj]
D:\_Progs\02Business\DeepBase\Features\DeepBase.IntentClarification.Provider.L3.pas(249): warning W1057: Implicit string cast from 'AnsiString' to 'string' [D:\_Progs\02Business\DeepBase\Tests\DeepBaseTests.dproj]
D:\_Progs\02Business\DeepBase\Features\DeepBase.IntentClarification.Provider.L3.pas(252): warning W1057: Implicit string cast from 'AnsiString' to 'string' [D:\_Progs\02Business\DeepBase\Tests\DeepBaseTests.dproj]
D:\_Progs\02Business\DeepBase\Features\DeepBase.IntentClarification.Provider.L4.pas(161): warning W1057: Implicit string cast from 'AnsiString' to 'string' [D:\_Progs\02Business\DeepBase\Tests\DeepBaseTests.dproj]
D:\_Progs\02Business\DeepBase\Features\DeepBase.IntentClarification.Provider.L4.pas(162): warning W1057: Implicit string cast from 'AnsiString' to 'string' [D:\_Progs\02Business\DeepBase\Tests\DeepBaseTests.dproj]
D:\_Progs\02Business\DeepBase\Features\DeepBase.IntentClarification.Provider.L4.pas(167): warning W1057: Implicit string cast from 'AnsiString' to 'string' [D:\_Progs\02Business\DeepBase\Tests\DeepBaseTests.dproj]
D:\_Progs\02Business\DeepBase\Features\DeepBase.IntentClarification.Provider.L4.pas(219): warning W1057: Implicit string cast from 'AnsiString' to 'string' [D:\_Progs\02Business\DeepBase\Tests\DeepBaseTests.dproj]
D:\_Progs\02Business\DeepBase\Features\DeepBase.IntentClarification.Provider.L4.pas(246): warning W1057: Implicit string cast from 'AnsiString' to 'string' [D:\_Progs\02Business\DeepBase\Tests\DeepBaseTests.dproj]
D:\_Progs\02Business\DeepBase\Features\DeepBase.IntentClarification.Provider.L4.pas(251): warning W1057: Implicit string cast from 'AnsiString' to 'string' [D:\_Progs\02Business\DeepBase\Tests\DeepBaseTests.dproj]
D:\_Progs\02Business\DeepBase\Features\DeepBase.IntentClarification.Provider.L4.pas(269): warning W1057: Implicit string cast from 'AnsiString' to 'string' [D:\_Progs\02Business\DeepBase\Tests\DeepBaseTests.dproj]
D:\_Progs\02Business\DeepBase\Features\DeepBase.IntentClarification.Provider.L4.pas(329): warning W1057: Implicit string cast from 'AnsiString' to 'string' [D:\_Progs\02Business\DeepBase\Tests\DeepBaseTests.dproj]
D:\_Progs\02Business\DeepBase\Core\DeepBase.StateMachine.pas(190): Hint warning H2219: Private symbol 'GetSuperstate' declared but never used [D:\_Progs\02Business\DeepBase\Tests\DeepBaseTests.dproj]
D:\_Progs\02Business\DeepBase\Features\DeepBase.BrowserAutomation.pas(264): Hint warning H2077: Value assigned to 'TryJsonString' never used [D:\_Progs\02Business\DeepBase\Tests\DeepBaseTests.dproj]
Test.DeepBase.Browser.Registry.pas(102): Hint warning H2164: Variable 'LAll' is declared but never used in 'TBrowserRegistryTests.Test_Disable_RemovesFromDiscover' [D:\_Progs\02Business\DeepBase\Tests\DeepBaseTests.dproj]
D:\_Progs\02Business\DeepBase\Features\DeepBase.Browser.ResponseWaiter.pas(195): error E2250: There is no overloaded version of 'Read' that can be called with these arguments [D:\_Progs\02Business\DeepBase\Tests\DeepBaseTests.dproj]
Test.DeepBase.Browser.ResponseWaiter.pas(9): error F2063: Could not compile used unit 'DeepBase.Browser.ResponseWaiter.pas' [D:\_Progs\02Business\DeepBase\Tests\DeepBaseTests.dproj]
Exit code: 1 
