**********************************************************************
*        DUnitX - (c) 2015-2025 Vincent Parrett & Contributors       *
*                                                                    *
*        License - http://www.apache.org/licenses/LICENSE-2.0        *
**********************************************************************

DUnitX - [UniBaseTests.exe] - Starting Tests.

............................................................................................................................................................................................................................................................................................................................................................................................................................................................................................................................................................................................................................................................................................................................................................................................................................................................................................................................................................................................................................................I..............................................I........................II......................................................................................................................................................................................................................................................................................................................................................................................................................................................................................................................................................................................

Tests Found   : 824
Tests Ignored : 4
Tests Passed  : 820
Tests Leaked  : 0
Tests Failed  : 0
Tests Errored : 0
UniBaseTests.exe : Unexpected Memory Leak
所在位置 行:1 字符: 1
+ & 'D:\_Progs\02Business\UniBase\Tests\UniBaseTests.exe' -exit:Continu ...
+ ~~~~~~~~~~~~~~~~~~~~~~~~~~~~~~~~~~~~~~~~~~~~~~~~~~~~~~~~~~~~~~~~~~~~~
    + CategoryInfo          : NotSpecified: (Unexpected Memory Leak:String) [], RemoteException
    + FullyQualifiedErrorId : NativeCommandError
 
An unexpected memory leak has occurred. The unexpected small block leaks are:

25 - 40 bytes: TResiliencePolicyTests.Test_Execute_Func_WithAllPolicies$ActRec x 1, UnicodeString x 1
41 - 56 bytes: @TResiliencePolicy.Execute[0]$ActRec<System.string> x 1, TResiliencePolicyTests.Test_Execute_Proc_WithAl
lPolicies$ActRec x 1
89 - 104 bytes: TResiliencePolicy.Execute[1]$ActRec x 2
