=== [1/3] BUILD fixture package R7P4Probe.dpk (real dcc64 BPL chain) ===
Embarcadero Delphi for Win64 compiler version 37.0
Copyright (c) 1983,2026 Embarcadero Technologies, Inc.
Tests\Regression\R7P4Probe.dpk(22) Warning: W1033 Unit 'DeepBase.Plugin' implicitly imported into package 'R7P4Probe'
Tests\Regression\R7P4Probe.dpk(22) Warning: W1033 Unit 'DeepBase.Types' implicitly imported into package 'R7P4Probe'
844 lines, 0.08 seconds, 21340 bytes code, 1872 bytes data.
FIXTURE_BUILD_EXIT=0
--- committed fixture BEFORE ---
 Volume in drive D is 软件
 Volume Serial Number is 1ACD-0379

 Directory of D:\_Progs\02Business\DeepBase\Tests\Regression

2026/09/23  11:15            24,064 R7P4Probe.bpl
               1 File(s)         24,064 bytes
               0 Dir(s)  132,101,238,784 bytes free
COPY_EXIT=0
--- freshly built fixture (repo root = D:\_Progs\02Business\DeepBase) ---
 Volume in drive D is 软件
 Volume Serial Number is 1ACD-0379

 Directory of D:\_Progs\02Business\DeepBase\bld_d2\bpl

2026/09/23  11:22            43,008 R7P4Probe.bpl
               1 File(s)         43,008 bytes
               0 Dir(s)  132,101,218,304 bytes free
--- committed fixture AFTER refresh ---
 Volume in drive D is 软件
 Volume Serial Number is 1ACD-0379

 Directory of D:\_Progs\02Business\DeepBase\Tests\Regression

2026/09/23  11:22            43,008 R7P4Probe.bpl
               1 File(s)         43,008 bytes
               0 Dir(s)  132,101,218,304 bytes free

=== [2/3] BUILD narrow runner TestBplR7P4.dpr ===
Embarcadero Delphi for Win64 compiler version 37.0
Copyright (c) 1983,2026 Embarcadero Technologies, Inc.
Core\DeepBase.PluginManager.pas(1095) Hint: H2077 Value assigned to 'TDeepBasePluginManager.IsValidPluginPath' never used
27947 lines, 1.66 seconds, 2874020 bytes code, 390896 bytes data.
RUNNER_BUILD_EXIT=0

=== [3/3] RUN (CWD = repo root, fixture resolved under Tests\Regression) ===
**********************************************************************
*        DUnitX - (c) 2015-2026 Vincent Parrett & Contributors       *
*                                                                    *
*        License - http://www.apache.org/licenses/LICENSE-2.0        *
**********************************************************************

DUnitX - [TestBplR7P4.exe] - Starting Tests.

............

Tests Found   : 6
Tests Ignored : 0
Tests Passed  : 6
Tests Leaked  : 0
Tests Failed  : 0
Tests Errored : 0
TEST_RUN_EXIT=0
