===== D2 TARGET-COMMIT VERIFICATION =====
33109e762b709ca725e9f2f9b89f9c31d5222e7a
COMMITTED_FIXTURE_BYTES:
43008
db868151151956dde787e38187ec1fe8c7445ad1c49dfe20a3dd4a49f3f3b76d

=== [A] RUN AGAINST THE COMMITTED .bPL (shipped artifact) ===
Embarcadero Delphi for Win64 compiler version 37.0
Copyright (c) 1983,2026 Embarcadero Technologies, Inc.
Core\DeepBase.PluginManager.pas(1095) Hint: H2077 Value assigned to 'TDeepBasePluginManager.IsValidPluginPath' never used
27948 lines, 1.23 seconds, 2874020 bytes code, 390896 bytes data.
RUNNER_BUILD_EXIT_A=0
**********************************************************************
*        DUnitX - (c) 2015-2026 Vincent Parrett & Contributors       *
*                                                                    *
*        License - http://www.apache.org/licenses/LICENSE-2.0        *
**********************************************************************

DUnitX - [TestBplR7P4.exe] - Starting Tests.

............

Tests Found   : 6
Tests Ignored : 0
Tests Passed  : 6
Tests Leaked  : 0
Tests Failed  : 0
Tests Errored : 0
TEST_RUN_EXIT_A=0

=== [B] REBUILD FIXTURE FROM COMMITTED SOURCES ===
Embarcadero Delphi for Win64 compiler version 37.0
Copyright (c) 1983,2026 Embarcadero Technologies, Inc.
Tests\Regression\R7P4Probe.dpk(22) Warning: W1033 Unit 'DeepBase.Plugin' implicitly imported into package 'R7P4Probe'
Tests\Regression\R7P4Probe.dpk(22) Warning: W1033 Unit 'DeepBase.Types' implicitly imported into package 'R7P4Probe'
844 lines, 0.08 seconds, 21340 bytes code, 1872 bytes data.
FIXTURE_BUILD_EXIT_B=0
REBUILT_FIXTURE_BYTES=43008
090a78bceb70ee102eec6943d26c61f6957949a342083fb5461f1e0648714544
FIXTURE_INSTALL_EXIT_B=0

=== [C] RUN AGAINST THE REBUILT .bPL (source->binary chain is live) ===
**********************************************************************
*        DUnitX - (c) 2015-2026 Vincent Parrett & Contributors       *
*                                                                    *
*        License - http://www.apache.org/licenses/LICENSE-2.0        *
**********************************************************************

DUnitX - [TestBplR7P4.exe] - Starting Tests.

............

Tests Found   : 6
Tests Ignored : 0
Tests Passed  : 6
Tests Leaked  : 0
Tests Failed  : 0
Tests Errored : 0
TEST_RUN_EXIT_C=0

=== [D] RESTORE WORKTREE TO COMMITTED STATE ===
RESTORE_EXIT=0

=== [E] GATES @ TARGET COMMIT ===
编码门禁通过：975 个 .pas（基线残留U+FFFD文件 18，BOM例外 45，孤立CR基线文件 0，双重编码基线文件 50，跳过目录 4）
ENCODING_GATE_EXIT=0
行尾门禁通过：检查了 1455 个文件（.pas CRLF / .md LF），跳过目录 5
EOL_GATE_EXIT=0
证据编码门禁通过：扫描 174 个 CodeReview 证据文件，NUL 违规 0（存量基线豁免 0 项 / 本次命中 0 项），全部为合法 UTF-8
EVIDENCE_GATE_EXIT=0
