Embarcadero Delphi for Win64 compiler version 37.0
Copyright (c) 1983,2026 Embarcadero Technologies, Inc.
Core\DeepBase.Crypto.Hash.pas(599) Hint: H2077 Value assigned to 'TPasswordUtils.CheckStrength' never used
Governance\DeepBase.Governance.ReviewQueue.SQLite.pas(827) Hint: H2077 Value assigned to 'TReviewQueueSQLite.MarkExecuted' never used
Core\DeepBase.PluginManager.pas(1125) Hint: H2077 Value assigned to 'TDeepBasePluginManager.IsValidPluginPath' never used
Core\DeepBase.Collections.pas(728) Hint: H2164 Variable 'Node' is declared but never used in 'DeepBase.Collections.TLRUCache<K,V>.Evict'
Core\DeepBase.Collections.pas(116) Hint: H2219 Private symbol 'Evict' declared but never used
Tests\Regression\Test.Regression.A8_InFlightUnloadGate.pas(128) Hint: H2077 Value assigned to 'LStart' never used
Core\DeepBase.SQL.Utils.pas(67) Warning: W1050 WideChar reduced to byte char in set expressions.  Consider using 'CharInSet' function in 'System.SysUtils' unit, or 'TCharHelper.IsInArray' function in 'System.Character' unit.
Core\DeepBase.SQL.Utils.pas(72) Warning: W1050 WideChar reduced to byte char in set expressions.  Consider using 'CharInSet' function in 'System.SysUtils' unit, or 'TCharHelper.IsInArray' function in 'System.Character' unit.
Persistence\DeepBase.SQLLogger.pas(629) Hint: H2443 Inline function 'TFDParam.SetAsString' has not been expanded because unit 'FireDAC.Stan.Param' is not specified in USES list
Persistence\DeepBase.SQLLogger.pas(630) Hint: H2443 Inline function 'TFDParam.SetAsString' has not been expanded because unit 'FireDAC.Stan.Param' is not specified in USES list
Persistence\DeepBase.SQLLogger.pas(631) Hint: H2443 Inline function 'TFDParam.SetAsString' has not been expanded because unit 'FireDAC.Stan.Param' is not specified in USES list
Persistence\DeepBase.SQLLogger.pas(632) Hint: H2443 Inline function 'TFDParam.SetAsString' has not been expanded because unit 'FireDAC.Stan.Param' is not specified in USES list
Persistence\DeepBase.SQLLogger.pas(635) Hint: H2443 Inline function 'TFDParam.SetAsString' has not been expanded because unit 'FireDAC.Stan.Param' is not specified in USES list
Persistence\DeepBase.SQLLogger.pas(636) Hint: H2443 Inline function 'TFDParam.SetAsString' has not been expanded because unit 'FireDAC.Stan.Param' is not specified in USES list
Persistence\DeepBase.SQLLogger.pas(637) Hint: H2443 Inline function 'TFDParam.SetAsDateTime' has not been expanded because unit 'FireDAC.Stan.Param' is not specified in USES list
Persistence\DeepBase.SQLLogger.pas(638) Hint: H2443 Inline function 'TFDParam.SetAsString' has not been expanded because unit 'FireDAC.Stan.Param' is not specified in USES list
Persistence\DeepBase.SQLLogger.pas(639) Hint: H2443 Inline function 'TFDParam.SetAsString' has not been expanded because unit 'FireDAC.Stan.Param' is not specified in USES list
Persistence\DeepBase.SQLLogger.pas(649) Hint: H2443 Inline function 'TFDParam.SetAsString' has not been expanded because unit 'FireDAC.Stan.Param' is not specified in USES list
55129 lines, 2.66 seconds, 10702416 bytes code, 1004560 bytes data.

COMPILE_EXIT=0
