== 编译一次性 runner（单元: Test.DeepBase.Commerce） ==
Embarcadero Delphi for Win64 compiler version 37.0
Copyright (c) 1983,2026 Embarcadero Technologies, Inc.
Features\DeepBase.Net.Transport.pas(196) Hint: H2443 Inline function 'THTTPClient.SetContentType' has not been expanded because unit 'System.NetConsts' is not specified in USES list
Features\DeepBase.Net.Transport.pas(339) Hint: H2443 Inline function 'THTTPClient.SetContentType' has not been expanded because unit 'System.NetConsts' is not specified in USES list
Features\DeepBase.Commerce.Backend.Http.pas(227) Hint: H2443 Inline function 'THTTPClient.SetContentType' has not been expanded because unit 'System.NetConsts' is not specified in USES list
Features\DeepBase.Commerce.Backend.Http.pas(713) Hint: H2443 Inline function 'TJSONArray.GetValue' has not been expanded because unit 'System.Generics.Collections' is not specified in USES list
Features\DeepBase.Commerce.Backend.Http.pas(714) Hint: H2443 Inline function 'TJSONArray.GetValue' has not been expanded because unit 'System.Generics.Collections' is not specified in USES list
Core\DeepBase.Crypto.Hash.pas(599) Hint: H2077 Value assigned to 'TPasswordUtils.CheckStrength' never used
Features\DeepBase.Commerce.SafeClient.pas(1035) Hint: H2443 Inline function 'TJSONArray.GetValue' has not been expanded because unit 'System.Generics.Collections' is not specified in USES list
Features\DeepBase.Commerce.SafeClient.pas(1036) Hint: H2443 Inline function 'TJSONArray.GetValue' has not been expanded because unit 'System.Generics.Collections' is not specified in USES list
Features\DeepBase.Commerce.SafeClient.pas(1060) Hint: H2443 Inline function 'TJSONArray.GetValue' has not been expanded because unit 'System.Generics.Collections' is not specified in USES list
Features\DeepBase.Commerce.SafeClient.pas(1061) Hint: H2443 Inline function 'TJSONArray.GetValue' has not been expanded because unit 'System.Generics.Collections' is not specified in USES list
39399 lines, 1.64 seconds, 4292856 bytes code, 523784 bytes data.
BUILD_EXIT=0

== 真跑（Test.DeepBase.Commerce） ==
**********************************************************************
*        DUnitX - (c) 2015-2026 Vincent Parrett & Contributors       *
*                                                                    *
*        License - http://www.apache.org/licenses/LICENSE-2.0        *
**********************************************************************

DUnitX - [B2FixtureRunner.exe] - Starting Tests.

............................................................................................................................

Tests Found   : 62
Tests Ignored : 0
Tests Passed  : 62
Tests Leaked  : 0
Tests Failed  : 0
Tests Errored : 0
RUNNER_STATS fixtureCount=1 testCount=62 pass=62 failure=0 error=0 ignored=0
RUNNER_VERDICT: PASSED
RUN_EXIT=0
