==== 1) 变异前基线（应绿） ====

**********************************************************************
*        DUnitX - (c) 2015-2026 Vincent Parrett & Contributors       *
*                                                                    *
*        License - http://www.apache.org/licenses/LICENSE-2.0        *
**********************************************************************

DUnitX - [B2FixtureRunner.exe] - Starting Tests.

........................................................................................................................................

Tests Found   : 68
Tests Ignored : 0
Tests Passed  : 68
Tests Leaked  : 0
Tests Failed  : 0
Tests Errored : 0
RUNNER_STATS fixtureCount=1 testCount=68 pass=68 failure=0 error=0 ignored=0
RUNNER_VERDICT: PASSED
RUN_EXIT=0

==== 2) 注入变异: s/Entitlement\.ValidFromISO := DateToISO8601\(ValidFrom, True\);/Entitlement.ValidFromISO := DateToISO8601(ValidFrom, False);/ ====
---- 变异 diff（相对还原基线） ----
@@ -388,7 +388,7 @@
   Entitlement.ProductId := AOrder.ProductId;
   Entitlement.Code := Product.EntitlementCode;
   Entitlement.Status := cesActive;
-  Entitlement.ValidFromISO := DateToISO8601(ValidFrom, True);
+  Entitlement.ValidFromISO := DateToISO8601(ValidFrom, False);
   if Product.EntitlementDurationDays > 0 then
     Entitlement.ValidUntilISO := DateToISO8601(
       IncDay(ValidFrom, Product.EntitlementDurationDays), True)
---- 变异后真跑（应红） ----
DUnitX - [B2FixtureRunner.exe] - Starting Tests.

.......................................................................................................................................F

Tests Found   : 68
Tests Ignored : 0
Tests Passed  : 67
Tests Leaked  : 0
Tests Failed  : 1
Tests Errored : 0

Failing Tests

  Test.DeepBase.Commerce.TCommerceServiceTests.Test_GrantEntitlement_WritesTimestampsRoundTrippingToInjectedClock
  Message: Condition is False when True expected. [Granted valid_from must round-trip to the injected clock (got 2031-03-01T04:00:00.000+08:00)]


RUNNER_STATS fixtureCount=1 testCount=68 pass=67 failure=1 error=0 ignored=0
RUNNER_VERDICT: FAILED
RUN_EXIT=1

==== 3) 还原复跑（trap 之外再显式确认一次） ====
== 已还原 SUT: Features/DeepBase.Commerce.Service.pas ==

**********************************************************************
*        DUnitX - (c) 2015-2026 Vincent Parrett & Contributors       *
*                                                                    *
*        License - http://www.apache.org/licenses/LICENSE-2.0        *
**********************************************************************

DUnitX - [B2FixtureRunner.exe] - Starting Tests.

........................................................................................................................................

Tests Found   : 68
Tests Ignored : 0
Tests Passed  : 68
Tests Leaked  : 0
Tests Failed  : 0
Tests Errored : 0
RUNNER_STATS fixtureCount=1 testCount=68 pass=68 failure=0 error=0 ignored=0
RUNNER_VERDICT: PASSED
RUN_EXIT=0
== 反事实判定成立：基线绿 / 变异红(RUNNER_VERDICT: FAILED) / 还原绿 ==
== 已还原 SUT: Features/DeepBase.Commerce.Service.pas ==
