==== 1) 变异前基线（应绿） ====

**********************************************************************
*        DUnitX - (c) 2015-2026 Vincent Parrett & Contributors       *
*                                                                    *
*        License - http://www.apache.org/licenses/LICENSE-2.0        *
**********************************************************************

DUnitX - [B2FixtureRunner.exe] - Starting Tests.

........................................................................................................................................

Tests Found   : 68
Tests Ignored : 0
Tests Passed  : 68
Tests Leaked  : 0
Tests Failed  : 0
Tests Errored : 0
RUNNER_STATS fixtureCount=1 testCount=68 pass=68 failure=0 error=0 ignored=0
RUNNER_VERDICT: PASSED
RUN_EXIT=0

==== 2) 注入变异: s/if not TryISO8601ToDate\(Entitlement\.ValidUntilISO, ValidUntil, True\) then/if not TryISO8601ToDate(Entitlement.ValidUntilISO, ValidUntil, False) then/ ====
---- 变异 diff（相对还原基线） ----
@@ -309,7 +309,7 @@
       Continue;
     if Entitlement.ValidUntilISO = '' then
       Continue;
-    if not TryISO8601ToDate(Entitlement.ValidUntilISO, ValidUntil, True) then
+    if not TryISO8601ToDate(Entitlement.ValidUntilISO, ValidUntil, False) then
       Continue;
     if ValidUntil > NowUtc then
       Exit(True);
---- 变异后真跑（应红） ----
DUnitX - [B2FixtureRunner.exe] - Starting Tests.

...................................................................................................................................F....

Tests Found   : 68
Tests Ignored : 0
Tests Passed  : 67
Tests Leaked  : 0
Tests Failed  : 1
Tests Errored : 0

Failing Tests

  Test.DeepBase.Commerce.TCommerceServiceTests.Test_PermissionClientOfflineGraceJudgedAgainstInjectedUtcClock_OneSecondEitherSide
  Message: Condition is True when False expected. Permission client must not report grace once it passed one second ago


RUNNER_STATS fixtureCount=1 testCount=68 pass=67 failure=1 error=0 ignored=0
RUNNER_VERDICT: FAILED
RUN_EXIT=1

==== 3) 还原复跑（trap 之外再显式确认一次） ====
== 已还原 SUT: Features/DeepBase.Commerce.Permissions.pas ==

**********************************************************************
*        DUnitX - (c) 2015-2026 Vincent Parrett & Contributors       *
*                                                                    *
*        License - http://www.apache.org/licenses/LICENSE-2.0        *
**********************************************************************

DUnitX - [B2FixtureRunner.exe] - Starting Tests.

........................................................................................................................................

Tests Found   : 68
Tests Ignored : 0
Tests Passed  : 68
Tests Leaked  : 0
Tests Failed  : 0
Tests Errored : 0
RUNNER_STATS fixtureCount=1 testCount=68 pass=68 failure=0 error=0 ignored=0
RUNNER_VERDICT: PASSED
RUN_EXIT=0
== 反事实判定成立：基线绿 / 变异红(RUNNER_VERDICT: FAILED) / 还原绿 ==
== 已还原 SUT: Features/DeepBase.Commerce.Permissions.pas ==
