Embarcadero Delphi for Win64 compiler version 37.0
Copyright (c) 1983,2026 Embarcadero Technologies, Inc.
Core\DeepBase.PluginManager.pas(1095) Hint: H2077 Value assigned to 'TDeepBasePluginManager.IsValidPluginPath' never used
Core\DeepBase.FormState.pas(409) Hint: H2443 Inline function 'TRttiType.GetHandle' has not been expanded because unit 'System.TypInfo' is not specified in USES list
Core\DeepBase.Manager.Operational.pas(56) Hint: H2077 Value assigned to 'TDeepBaseManagerOperational.GetRetentionDays' never used
Core\DeepBase.Manager.pas(566) Hint: H2077 Value assigned to 'TDeepBaseManager.DoLocateConfigDB' never used
Persistence\DeepBase.Persistence.Config.FireDAC.pas(60) Hint: H2443 Inline function 'TFDParam.SetAsString' has not been expanded because unit 'FireDAC.Stan.Param' is not specified in USES list
Persistence\DeepBase.Persistence.Config.FireDAC.pas(95) Hint: H2443 Inline function 'TFDParam.SetAsString' has not been expanded because unit 'FireDAC.Stan.Param' is not specified in USES list
Persistence\DeepBase.Persistence.Config.FireDAC.pas(96) Hint: H2443 Inline function 'TFDParam.SetAsString' has not been expanded because unit 'FireDAC.Stan.Param' is not specified in USES list
Persistence\DeepBase.Persistence.Config.FireDAC.pas(97) Hint: H2443 Inline function 'TFDParam.SetAsString' has not been expanded because unit 'FireDAC.Stan.Param' is not specified in USES list
Persistence\DeepBase.Persistence.Config.FireDAC.pas(98) Hint: H2443 Inline function 'TFDParam.SetAsString' has not been expanded because unit 'FireDAC.Stan.Param' is not specified in USES list
Persistence\DeepBase.Persistence.Config.FireDAC.pas(99) Hint: H2443 Inline function 'TFDParam.SetAsString' has not been expanded because unit 'FireDAC.Stan.Param' is not specified in USES list
Persistence\DeepBase.Persistence.Config.FireDAC.pas(150) Hint: H2443 Inline function 'TFDParam.SetAsString' has not been expanded because unit 'FireDAC.Stan.Param' is not specified in USES list
Persistence\DeepBase.Persistence.Config.FireDAC.pas(177) Hint: H2443 Inline function 'TFDParam.SetAsString' has not been expanded because unit 'FireDAC.Stan.Param' is not specified in USES list
Persistence\DeepBase.Persistence.Config.FireDAC.pas(196) Hint: H2443 Inline function 'TFDParam.SetAsString' has not been expanded because unit 'FireDAC.Stan.Param' is not specified in USES list
Persistence\DeepBase.Persistence.Manager.FireDAC.pas(142) Hint: H2443 Inline function 'TFDParam.SetAsString' has not been expanded because unit 'FireDAC.Stan.Param' is not specified in USES list
Persistence\DeepBase.Persistence.Manager.FireDAC.pas(148) Hint: H2443 Inline function 'TFDParam.SetAsString' has not been expanded because unit 'FireDAC.Stan.Param' is not specified in USES list
Persistence\DeepBase.Persistence.Manager.FireDAC.pas(193) Hint: H2443 Inline function 'TFDParam.SetAsString' has not been expanded because unit 'FireDAC.Stan.Param' is not specified in USES list
Persistence\DeepBase.Persistence.Manager.FireDAC.pas(194) Hint: H2443 Inline function 'TFDParam.SetAsString' has not been expanded because unit 'FireDAC.Stan.Param' is not specified in USES list
Persistence\DeepBase.Persistence.Manager.FireDAC.pas(281) Hint: H2443 Inline function 'TFDParam.SetAsString' has not been expanded because unit 'FireDAC.Stan.Param' is not specified in USES list
Persistence\DeepBase.Persistence.Manager.FireDAC.pas(285) Hint: H2443 Inline function 'TFDParam.SetAsString' has not been expanded because unit 'FireDAC.Stan.Param' is not specified in USES list
Persistence\DeepBase.Persistence.Manager.FireDAC.pas(311) Hint: H2443 Inline function 'TFDParam.SetAsString' has not been expanded because unit 'FireDAC.Stan.Param' is not specified in USES list
Persistence\DeepBase.Persistence.Manager.FireDAC.pas(332) Hint: H2443 Inline function 'TFDParam.SetAsString' has not been expanded because unit 'FireDAC.Stan.Param' is not specified in USES list
Persistence\DeepBase.Persistence.Manager.FireDAC.pas(333) Hint: H2443 Inline function 'TFDParam.SetAsString' has not been expanded because unit 'FireDAC.Stan.Param' is not specified in USES list
Core\DeepBase.Crypto.Hash.pas(599) Hint: H2077 Value assigned to 'TPasswordUtils.CheckStrength' never used
47702 lines, 2.39 seconds, 6121120 bytes code, 687088 bytes data.
