[dpr 1/1] Tests/DeepBaseTests.dpr CONFIG=DeepBaseTests.dproj BUILD_EXIT=0
[dpk 1/25] DeepBaseCore.dpk CONFIG=DeepBaseCore.dproj BUILD_EXIT=0
[dpk 2/25] DeepBaseServices.dpk CONFIG=DeepBaseServices.dproj BUILD_EXIT=0
[dpk 3/25] DeepAxis.dpk CONFIG=DeepAxis.dproj BUILD_EXIT=0
[dpk 4/25] DeepBaseBrowser.dpk CONFIG=DeepBaseBrowser.dproj BUILD_EXIT=0
[dpk 5/25] DeepBaseCommerce.dpk CONFIG=DeepBaseCommerce.dproj BUILD_EXIT=0
[dpk 6/25] DeepBasePlatform.dpk CONFIG=DeepBasePlatform.dproj BUILD_EXIT=0
[dpk 7/25] DeepBaseDataPlatform.dpk CONFIG=DeepBaseDataPlatform.dproj BUILD_EXIT=0
[dpk 8/25] DeepBaseLLM.dpk CONFIG=DeepBaseLLM.dproj BUILD_EXIT=0
[dpk 9/25] DeepBaseIntentClarification.dpk CONFIG=DeepBaseIntentClarification.dproj BUILD_EXIT=0
[dpk 10/25] DeepBaseInference.dpk CONFIG=DeepBaseInference.dproj BUILD_EXIT=0
[dpk 11/25] DeepBaseSpeechCore.dpk CONFIG=DeepBaseSpeechCore.dproj BUILD_EXIT=0
[dpk 12/25] DeepBaseFeatures.dpk CONFIG=DeepBaseFeatures.dproj BUILD_EXIT=0
[dpk 13/25] DeepBaseFMX.dpk CONFIG=DeepBaseFMX.dproj BUILD_EXIT=0
[dpk 14/25] DeepBasePersistence.dpk CONFIG=DeepBasePersistence.dproj BUILD_EXIT=0
[dpk 15/25] DeepBaseGovernance.dpk CONFIG=DeepBaseGovernance.dproj BUILD_EXIT=0
[dpk 16/25] DeepBaseSpeechASR.dpk CONFIG=DeepBaseSpeechASR.dproj BUILD_EXIT=0
[dpk 17/25] DeepBaseSpeechTTS.dpk CONFIG=DeepBaseSpeechTTS.dproj BUILD_EXIT=0
[dpk 18/25] DeepBaseSpeechVoice.dpk CONFIG=DeepBaseSpeechVoice.dproj BUILD_EXIT=0
[dpk 19/25] DeepBaseSpeechWake.dpk CONFIG=DeepBaseSpeechWake.dproj BUILD_EXIT=0
[dpk 20/25] DeepBaseVCL.dpk CONFIG=DeepBaseVCL.dproj BUILD_EXIT=0
[dpk 21/25] Examples/PluginExample/SamplePluginPkg.dpk CONFIG=default BUILD_EXIT=0
[dpk 22/25] Tests/Regression/R7P4Probe.dpk CONFIG=default BUILD_EXIT=0
[dpk 23/25] dclDeepBaseCore.dpk CONFIG=dclDeepBaseCore.dproj BUILD_EXIT=0
[dpk 24/25] dclDeepBaseFMX.dpk CONFIG=dclDeepBaseFMX.dproj BUILD_EXIT=0
[dpk 25/25] dclDeepBaseVCL.dpk CONFIG=dclDeepBaseVCL.dproj BUILD_EXIT=0
编译门禁统计：DPR总数=1 成功=1 失败=0 被跳过=0 失败子路径=0
编译门禁统计：DPK总数=25 成功=25 失败=0 被跳过=0 失败子路径=0
编译门禁统计：判定面=26 已跟踪=92 清单来源=manifest:T0-生产契约面.txt .res生成=2 编译器=dcc64.exe 陈旧DCU清理=0
编译门禁通过：26 个工程全部 BUILD_EXIT=0（判定应来自隔离 --detach 工作树 @ 目标 commit）

real	2m27.188s
user	0m0.031s
sys	0m0.077s
GATE_EXIT=0
