✓ 负样本①不存在根 => EXIT=2（含 --root 不是存在的目录）
✓ 负样本②空扫描 => EXIT=2（含 待编译 .dpr 计数为 0）
✓ 负样本③语法断裂 => EXIT=1（含 BadProj.dpr / BUILD_EXIT=1 / 失败=1 / 被跳过=0）
✓ 正对照④合法工程 => EXIT=0（含 成功=1 / DPR总数=1）
✓ 负样本⑤未跟踪 .dpr => EXIT=2（含 未跟踪但存在的 .dpr）
✓ 负样本⑥索引与工作树不一致 => EXIT=2（含 git 索引里有、工作树里却没有）
✓ 负样本⑦部分扫描（readdir 注入失败） => EXIT=2（含 readdir 失败 / 部分扫描不得报绿）
✓ 负样本⑧未声明范围 => EXIT=3（含 未指定编译范围）
✓ 负样本⑨--all 与 --dpr 互斥 => EXIT=3（含 --all 与 --dpr 互斥）
✓ 负样本⑩--dpr 指向未跟踪文件 => EXIT=2（含 不是本仓已跟踪的 .dpr）
✓ 负样本⑪--dpr 落在 root 之外 => EXIT=2（含 落在 --root 之外）
✓ 参数负样本(未知参数) => EXIT=3（含 fail-closed）
✓ 参数负样本(已知参数缺值) => EXIT=3（含 fail-closed）
✓ 参数负样本(裸位置参数) => EXIT=3（含 fail-closed）
✓ 参数负样本(大小写不符) => EXIT=3（含 fail-closed）
✓ 参数负样本(值形似参数) => EXIT=3（含 fail-closed）
✓ 包面正对照⓬合法包 => EXIT=0（含 DPK总数=1 / 成功=1 / 被跳过=0）
✓ 包面负样本⓭故意改坏 .dpk => EXIT=1（含 BadPkg.dpk / BUILD_EXIT=1 / DPK总数=1 / 失败=1 / 被跳过=0 / Error: E2010）
✓ 包面负样本⓮整面声明落空 => EXIT=2（含 整面 all-dpk 计数为 0）
✓ 包面负样本⓯部分扫描（.dpk 目录 readdir 注入失败） => EXIT=2（含 readdir 失败 / 部分扫描不得报绿）
✓ 包面负样本⓰未跟踪 .dpk => EXIT=2（含 未跟踪但存在的 .dpk）
✓ 负样本⓱--manifest 文件不存在 => EXIT=2（含 --manifest 读不到）
✓ 负样本⓲--manifest 清单为空 => EXIT=2（含 --manifest 清单为空）
NEGATIVE-TEST: PASS

real	0m9.963s
user	0m0.000s
sys	0m0.109s
SUITE_EXIT=0
