[dpr 1/67] DeepBaseRun/DeepBaseRun.dpr CONFIG=DeepBaseRun.dproj BUILD_EXIT=0
[dpr 2/67] DeepFlow/Source/DeepFlow.dpr CONFIG=default BUILD_EXIT=1
  DeepFlow/Source/DeepFlow.dpr 编译失败：DeepFlow.dpr(7) Fatal: F1026 File not found: 'Source\Core\DeepFlow.Engine.pas'
[dpr 3/67] Examples/AIErrorHandlerDemo/AIErrorHandlerDemo.dpr CONFIG=AIErrorHandlerDemo.dproj BUILD_EXIT=0
[dpr 4/67] Examples/AutoFixDemo/AutoFixDemo.dpr CONFIG=AutoFixDemo.dproj BUILD_EXIT=0
[dpr 5/67] Examples/DataBindingDemo/DataBindingDemo.dpr CONFIG=default BUILD_EXIT=0
[dpr 6/67] Examples/FMXDemo/FMXPlatformDemo.dpr CONFIG=default BUILD_EXIT=0
[dpr 7/67] Examples/FullDemo/FullDemo.dpr CONFIG=FullDemo.dproj BUILD_EXIT=0
[dpr 8/67] Examples/HbColdStartProbe/HbColdStartProbe.dpr CONFIG=default BUILD_EXIT=0
[dpr 9/67] Examples/HbSnapshotDemo/HbSnapshotDemo.dpr CONFIG=HbSnapshotDemo.dproj BUILD_EXIT=0
[dpr 10/67] Examples/MVVMDemo/MVVMDemo.dpr CONFIG=default BUILD_EXIT=1
  Examples/MVVMDemo/MVVMDemo.dpr 编译失败：LoginViewModel.pas(66) Error: E2004 Identifier redeclared: 'System.Generics.Collections'
[dpr 11/67] Examples/MicroserviceClientDemo/MicroserviceClientDemo.dpr CONFIG=default BUILD_EXIT=0
[dpr 12/67] Examples/MultiLanguageDemo/MultiLanguageDemo.dpr CONFIG=default BUILD_EXIT=0
[dpr 13/67] Examples/Phase0Demo/Phase0Demo.dpr CONFIG=Phase0Demo.dproj BUILD_EXIT=0
[dpr 14/67] Examples/Phase1Demo/Phase1Demo.dpr CONFIG=default BUILD_EXIT=0
[dpr 15/67] Examples/Templates/CRUDApp/CRUDApp.dpr CONFIG=default BUILD_EXIT=1
  Examples/Templates/CRUDApp/CRUDApp.dpr 编译失败：Entity.Customer.pas(38) Error: E2250 There is no overloaded version of 'Create' that can be called with these arguments
[dpr 16/67] Examples/Templates/DataAnalyzer/DataAnalyzer.dpr CONFIG=default BUILD_EXIT=1
  Examples/Templates/DataAnalyzer/DataAnalyzer.dpr 编译失败：DataAnalyzer.dpr(13) Fatal: F1026 File not found: 'Main.Form.pas'
[dpr 17/67] Examples/Templates/DocManager/DocManager.dpr CONFIG=default BUILD_EXIT=1
  Examples/Templates/DocManager/DocManager.dpr 编译失败：Entity.Document.pas(14) Fatal: F2613 Unit 'DeepBase.ORM.Attributes' not found.
[dpr 18/67] Examples/VCLDeepShellDemo/VCLDeepShellDemo.dpr CONFIG=VCLDeepShellDemo.dproj BUILD_EXIT=0
[dpr 19/67] Tests/Acceptance/DeepBaseAcceptanceTest.dpr CONFIG=default BUILD_EXIT=1
  Tests/Acceptance/DeepBaseAcceptanceTest.dpr 编译失败：DeepBaseAcceptanceTest.dpr(27) Error: E2052 Unterminated string
[dpr 20/67] Tests/Architecture/DeepBaseArchitectureTests.dpr CONFIG=default BUILD_EXIT=0
[dpr 21/67] Tests/AutoFix/Fixtures/AutoFixHarness.dpr CONFIG=AutoFixHarness.dproj BUILD_EXIT=0
[dpr 22/67] Tests/DebugTest.dpr CONFIG=default BUILD_EXIT=0
[dpr 23/67] Tests/DebugTest2.dpr CONFIG=default BUILD_EXIT=0
[dpr 24/67] Tests/DebugTest3.dpr CONFIG=default BUILD_EXIT=0
[dpr 25/67] Tests/DebugTest4.dpr CONFIG=default BUILD_EXIT=0
[dpr 26/67] Tests/DebugTest5.dpr CONFIG=default BUILD_EXIT=0
[dpr 27/67] Tests/DebugTest6.dpr CONFIG=default BUILD_EXIT=0
[dpr 28/67] Tests/DeepBaseTests.dpr CONFIG=DeepBaseTests.dproj BUILD_EXIT=0
[dpr 29/67] Tests/FMX/TestFMXPlatformStandalone.dpr CONFIG=default BUILD_EXIT=0
[dpr 30/67] Tests/GUI/DeepBaseGUITests.dpr CONFIG=default BUILD_EXIT=1
  Tests/GUI/DeepBaseGUITests.dpr 编译失败：DeepBase.GUITest.pas(819) Error: E2029 ')' expected but identifier '?' found
[dpr 31/67] Tests/GUI/PageDriverSmoke.dpr CONFIG=default BUILD_EXIT=1
  Tests/GUI/PageDriverSmoke.dpr 编译失败：PageDriverSmoke.dpr(20) Fatal: F2613 Unit 'uWVLoader' not found.
[dpr 32/67] Tests/Governance/ConfigRegistrarPBT.dpr CONFIG=default BUILD_EXIT=0
[dpr 33/67] Tests/InferenceTests.dpr CONFIG=default BUILD_EXIT=0
[dpr 34/67] Tests/Integration/DeepBaseIntegrationTests.dpr CONFIG=default BUILD_EXIT=0
[dpr 35/67] Tests/MinimalDUnitX.dpr CONFIG=default BUILD_EXIT=0
[dpr 36/67] Tests/Plugins/Fixture/TestPlugin11NoHealth.dpr CONFIG=default BUILD_EXIT=0
[dpr 37/67] Tests/Plugins/Fixture/TestPlugin11NoInvoke.dpr CONFIG=default BUILD_EXIT=0
[dpr 38/67] Tests/Plugins/Fixture/TestPlugin77.dpr CONFIG=default BUILD_EXIT=0
[dpr 39/67] Tests/Plugins/Fixture/TestPluginABI10.dpr CONFIG=default BUILD_EXIT=0
[dpr 40/67] Tests/Plugins/PluginLifecycleHarness.dpr CONFIG=default BUILD_EXIT=1
  Tests/Plugins/PluginLifecycleHarness.dpr 编译失败：PluginLifecycleHarness.dpr(58) Error: E2003 Undeclared identifier: 'TDeepBasePluginManager'
[dpr 41/67] Tests/SimpleTest.dpr CONFIG=default BUILD_EXIT=0
[dpr 42/67] Tests/Speech/SpeechSpike.dpr CONFIG=default BUILD_EXIT=1
  Tests/Speech/SpeechSpike.dpr 编译失败：SpeechSpike.dpr(180) Error: E2003 Undeclared identifier: 'TProcessEntry32'
[dpr 43/67] Tests/Speech/TestSpeechHeadless.dpr CONFIG=default BUILD_EXIT=0
[dpr 44/67] Tests/Stress/DeepBaseStressTests.dpr CONFIG=default BUILD_EXIT=1
  Tests/Stress/DeepBaseStressTests.dpr 编译失败：Stress.Database.pas(170) Error: E2010 Incompatible types: 'FireDAC.Comp.Client.TFDConnection' and 'TObject'
[dpr 45/67] Tests/TestBplR7P4.dpr CONFIG=default BUILD_EXIT=0
[dpr 46/67] Tests/TestCryptoR7P1.dpr CONFIG=default BUILD_EXIT=0
[dpr 47/67] Tests/TestDeepBaseRSA.dpr CONFIG=default BUILD_EXIT=0
[dpr 48/67] Tests/TestGateVerdictAndA8.dpr CONFIG=default BUILD_EXIT=0
[dpr 49/67] Tests/TestLLMClient.dpr CONFIG=default BUILD_EXIT=0
[dpr 50/67] Tests/TestLLMProxyClient.dpr CONFIG=default BUILD_EXIT=0
[dpr 51/67] Tests/TestNetR7P2.dpr CONFIG=default BUILD_EXIT=0
[dpr 52/67] Tests/TestNewModules.dpr CONFIG=default BUILD_EXIT=0
[dpr 53/67] Tests/TestUpdateChainM1.dpr CONFIG=default BUILD_EXIT=0
[dpr 54/67] Tools/CLI/DeepBase.dpr CONFIG=default BUILD_EXIT=0
[dpr 55/67] Tools/Calibration/Calib.Record.dpr CONFIG=default BUILD_EXIT=1
  Tools/Calibration/Calib.Record.dpr 编译失败：Calib.Record.dpr(23) Error: E2029 Identifier expected but 'RECORD' found
[dpr 56/67] Tools/Calibration/Calib.Sweep.dpr CONFIG=default BUILD_EXIT=0
[dpr 57/67] Tools/FMXGallery/hbtheme_fmx_gallery.dpr CONFIG=default BUILD_EXIT=0
[dpr 58/67] Tools/Gallery/hbtheme_gallery.dpr CONFIG=default BUILD_EXIT=1
  Tools/Gallery/hbtheme_gallery.dpr 编译失败：Gallery.MainForm.pas(160) Error: E2003 Undeclared identifier: 'hdCompact'
[dpr 59/67] Tools/LogAnalyzer/LogAnalyzer.dpr CONFIG=default BUILD_EXIT=0
[dpr 60/67] Tools/SeedTool/SeedTool.dpr CONFIG=SeedTool.dproj BUILD_EXIT=0
[dpr 61/67] Tools/Studio/DeepBaseStudio.dpr CONFIG=DeepBaseStudio.dproj BUILD_EXIT=1
  Tools/Studio/DeepBaseStudio.dpr 编译失败：DeepBaseStudio.dpr(31) Error: E2003 Undeclared identifier: 'TStudioMainForm'
[dpr 62/67] Tools/Studio/Studio.dpr CONFIG=Studio.dproj BUILD_EXIT=0
[dpr 63/67] Tools/Tray/DeepBaseTray.dpr CONFIG=default BUILD_EXIT=0
[dpr 64/67] Tools/UniPublisher/DeepPublisher.dpr CONFIG=DeepPublisher.dproj BUILD_EXIT=1
  Tools/UniPublisher/DeepPublisher.dpr 编译失败：Core\Publisher.Manifest.pas(15) Error: E2029 'UNIT' expected but ']' found
[dpr 65/67] Tools/UpdaterHelper/UpdaterHelper.dpr CONFIG=default BUILD_EXIT=0
[dpr 66/67] doQry/examples/DoQryDemo/DoQryDemo.dpr CONFIG=default BUILD_EXIT=1
  doQry/examples/DoQryDemo/DoQryDemo.dpr 编译失败：DoQryDemo.dpr(31) Fatal: F2613 Unit 'DBClient' not found.
[dpr 67/67] doQry/prjDoQry.dpr CONFIG=prjDoQry.dproj BUILD_EXIT=0
[dpk 1/25] DeepBaseCore.dpk CONFIG=DeepBaseCore.dproj BUILD_EXIT=0
[dpk 2/25] DeepBaseServices.dpk CONFIG=DeepBaseServices.dproj BUILD_EXIT=0
[dpk 3/25] DeepAxis.dpk CONFIG=DeepAxis.dproj BUILD_EXIT=0
[dpk 4/25] DeepBaseBrowser.dpk CONFIG=DeepBaseBrowser.dproj BUILD_EXIT=0
[dpk 5/25] DeepBaseCommerce.dpk CONFIG=DeepBaseCommerce.dproj BUILD_EXIT=0
[dpk 6/25] DeepBasePlatform.dpk CONFIG=DeepBasePlatform.dproj BUILD_EXIT=0
[dpk 7/25] DeepBaseDataPlatform.dpk CONFIG=DeepBaseDataPlatform.dproj BUILD_EXIT=0
[dpk 8/25] DeepBaseLLM.dpk CONFIG=DeepBaseLLM.dproj BUILD_EXIT=0
[dpk 9/25] DeepBaseIntentClarification.dpk CONFIG=DeepBaseIntentClarification.dproj BUILD_EXIT=0
[dpk 10/25] DeepBaseInference.dpk CONFIG=DeepBaseInference.dproj BUILD_EXIT=0
[dpk 11/25] DeepBaseSpeechCore.dpk CONFIG=DeepBaseSpeechCore.dproj BUILD_EXIT=0
[dpk 12/25] DeepBaseFeatures.dpk CONFIG=DeepBaseFeatures.dproj BUILD_EXIT=0
[dpk 13/25] DeepBaseFMX.dpk CONFIG=DeepBaseFMX.dproj BUILD_EXIT=0
[dpk 14/25] DeepBasePersistence.dpk CONFIG=DeepBasePersistence.dproj BUILD_EXIT=0
[dpk 15/25] DeepBaseGovernance.dpk CONFIG=DeepBaseGovernance.dproj BUILD_EXIT=0
[dpk 16/25] DeepBaseSpeechASR.dpk CONFIG=DeepBaseSpeechASR.dproj BUILD_EXIT=0
[dpk 17/25] DeepBaseSpeechTTS.dpk CONFIG=DeepBaseSpeechTTS.dproj BUILD_EXIT=0
[dpk 18/25] DeepBaseSpeechVoice.dpk CONFIG=DeepBaseSpeechVoice.dproj BUILD_EXIT=0
[dpk 19/25] DeepBaseSpeechWake.dpk CONFIG=DeepBaseSpeechWake.dproj BUILD_EXIT=0
[dpk 20/25] DeepBaseVCL.dpk CONFIG=DeepBaseVCL.dproj BUILD_EXIT=0
[dpk 21/25] Examples/PluginExample/SamplePluginPkg.dpk CONFIG=default BUILD_EXIT=0
[dpk 22/25] Tests/Regression/R7P4Probe.dpk CONFIG=default BUILD_EXIT=0
[dpk 23/25] dclDeepBaseCore.dpk CONFIG=dclDeepBaseCore.dproj BUILD_EXIT=0
[dpk 24/25] dclDeepBaseFMX.dpk CONFIG=dclDeepBaseFMX.dproj BUILD_EXIT=0
[dpk 25/25] dclDeepBaseVCL.dpk CONFIG=dclDeepBaseVCL.dproj BUILD_EXIT=0
编译门禁统计：DPR总数=67 成功=51 失败=16 被跳过=0 失败子路径=0
编译门禁统计：DPK总数=25 成功=25 失败=0 被跳过=0 失败子路径=0
编译门禁统计：判定面=92 已跟踪=92 清单来源=all .res生成=23 编译器=dcc64.exe 陈旧DCU清理=0
编译门禁失败：16 个工程编译不过
  DeepFlow/Source/DeepFlow.dpr EXIT=1  DeepFlow.dpr(7) Fatal: F1026 File not found: 'Source\Core\DeepFlow.Engine.pas'
  Examples/MVVMDemo/MVVMDemo.dpr EXIT=1  LoginViewModel.pas(66) Error: E2004 Identifier redeclared: 'System.Generics.Collections'
  Examples/Templates/CRUDApp/CRUDApp.dpr EXIT=1  Entity.Customer.pas(38) Error: E2250 There is no overloaded version of 'Create' that can be called with these arguments
  Examples/Templates/DataAnalyzer/DataAnalyzer.dpr EXIT=1  DataAnalyzer.dpr(13) Fatal: F1026 File not found: 'Main.Form.pas'
  Examples/Templates/DocManager/DocManager.dpr EXIT=1  Entity.Document.pas(14) Fatal: F2613 Unit 'DeepBase.ORM.Attributes' not found.
  Tests/Acceptance/DeepBaseAcceptanceTest.dpr EXIT=1  DeepBaseAcceptanceTest.dpr(27) Error: E2052 Unterminated string
  Tests/GUI/DeepBaseGUITests.dpr EXIT=1  DeepBase.GUITest.pas(819) Error: E2029 ')' expected but identifier '?' found
  Tests/GUI/PageDriverSmoke.dpr EXIT=1  PageDriverSmoke.dpr(20) Fatal: F2613 Unit 'uWVLoader' not found.
  Tests/Plugins/PluginLifecycleHarness.dpr EXIT=1  PluginLifecycleHarness.dpr(58) Error: E2003 Undeclared identifier: 'TDeepBasePluginManager'
  Tests/Speech/SpeechSpike.dpr EXIT=1  SpeechSpike.dpr(180) Error: E2003 Undeclared identifier: 'TProcessEntry32'
  Tests/Stress/DeepBaseStressTests.dpr EXIT=1  Stress.Database.pas(170) Error: E2010 Incompatible types: 'FireDAC.Comp.Client.TFDConnection' and 'TObject'
  Tools/Calibration/Calib.Record.dpr EXIT=1  Calib.Record.dpr(23) Error: E2029 Identifier expected but 'RECORD' found
  Tools/Gallery/hbtheme_gallery.dpr EXIT=1  Gallery.MainForm.pas(160) Error: E2003 Undeclared identifier: 'hdCompact'
  Tools/Studio/DeepBaseStudio.dpr EXIT=1  DeepBaseStudio.dpr(31) Error: E2003 Undeclared identifier: 'TStudioMainForm'
  Tools/UniPublisher/DeepPublisher.dpr EXIT=1  Core\Publisher.Manifest.pas(15) Error: E2029 'UNIT' expected but ']' found
  doQry/examples/DoQryDemo/DoQryDemo.dpr EXIT=1  DoQryDemo.dpr(31) Fatal: F2613 Unit 'DBClient' not found.

real	3m34.655s
user	0m0.031s
sys	0m0.093s
GATE_EXIT=1
