**********************************************************************
*        DUnitX - (c) 2015-2026 Vincent Parrett & Contributors       *
*                                                                    *
*        License - http://www.apache.org/licenses/LICENSE-2.0        *
**********************************************************************

DUnitX - [DeepBaseTests.exe] - Starting Tests.

.......................................................................................................................................................................................................................................................................................................................................................................................................................................................................................................................................................................................................................................................................................................................................................................................................................................................................................................................................................................................................................................................................................................................................................................................................................................................................................................................................................................................................................................................................................................................................................................................................................................................................................................................................................................................................................................................................................................................................................................................................................................................................................................................................................................................................................................................................................................................................................................................................................................................................................................................................................................................................................................................................................................................................................................................................................................................................................................................................................................................................................................................................................................................................................................................................................................................................................................................................................................................................................................................................................................................................................................................................................................................................................................................................................................................................................................................................................................................................................................................................................................................................................................................................................................................................................................................  HB Gate #1: sample 1/20 ...
  HB Gate #1: sample 2/20 ...
  HB Gate #1: sample 3/20 ...
  HB Gate #1: sample 4/20 ...
  HB Gate #1: sample 5/20 ...
  HB Gate #1: sample 6/20 ...
  HB Gate #1: sample 7/20 ...
  HB Gate #1: sample 8/20 ...
  HB Gate #1: sample 9/20 ...
  HB Gate #1: sample 10/20 ...
  HB Gate #1: sample 11/20 ...
  HB Gate #1: sample 12/20 ...
  HB Gate #1: sample 13/20 ...
  HB Gate #1: sample 14/20 ...
  HB Gate #1: sample 15/20 ...
  HB Gate #1: sample 16/20 ...
  HB Gate #1: sample 17/20 ...
  HB Gate #1: sample 18/20 ...
  HB Gate #1: sample 19/20 ...
  HB Gate #1: sample 20/20 ...

================================================================
  HB Gate #1: Cold Start First Paint
================================================================
  Samples : 20
  P50     : 136.37 ms
  P95     : 167.79 ms [Threshold <= 800 ms]
  Max     : 170.46 ms
================================================================
..
================================================================
  HB Gate #2: 100k Grid Scroll Frame Budget
================================================================
  Frames  : 500 (paint-only)
  Worst   : 2.953 ms [Threshold <= 16.6 ms]
  P95     : 1.629 ms
================================================================
..
================================================================
  HB Gate #3: Theme Switch Broadcast
================================================================
  Palette 1 : 4.958 ms [Threshold <= 100 ms]
  Palette 2 : 1.350 ms [Threshold <= 100 ms]
  Palette 3 : 1.372 ms [Threshold <= 100 ms]
  Palette 4 : 1.301 ms [Threshold <= 100 ms]
  Palette 5 : 1.085 ms [Threshold <= 100 ms]
  Palette 6 : 1.185 ms [Threshold <= 100 ms]
  Palette 7 : 1.129 ms [Threshold <= 100 ms]
  Palette 8 : 1.107 ms [Threshold <= 100 ms]
  Palette 9 : 1.123 ms [Threshold <= 100 ms]
  Palette 10 : 1.097 ms [Threshold <= 100 ms]
================================================================
..
================================================================
  HB Gate #4: DPI Switch Relayout
================================================================
  Step 1 : 0.003 ms [Threshold <= 30 ms]
  Step 2 : 3.404 ms [Threshold <= 30 ms]
================================================================
..  HB Gate #5: step 0/500 ...
  HB Gate #5: step 100/500 ...
  HB Gate #5: step 200/500 ...
  HB Gate #5: step 300/500 ...
  HB Gate #5: step 400/500 ...

================================================================
  HB Gate #5: Resize Interaction Budget
================================================================
  Steps : 500 (post warm-up)
  Worst : 3.854 ms [Threshold <= 16.6 ms]
================================================================
..  HB Gate #6 round 1: created 0/10000 ...
  HB Gate #6 round 1: created 2000/10000 ...
  HB Gate #6 round 1: created 4000/10000 ...
  HB Gate #6 round 1: created 6000/10000 ...
  HB Gate #6 round 1: created 8000/10000 ...
  Gate #6 round 1: GDI 36->36 USER 32->31 Heap 0->0 (created 10000)
  HB Gate #6 round 2: created 0/10000 ...
  HB Gate #6 round 2: created 2000/10000 ...
  HB Gate #6 round 2: created 4000/10000 ...
  HB Gate #6 round 2: created 6000/10000 ...
  HB Gate #6 round 2: created 8000/10000 ...
  Gate #6 round 2: GDI 36->36 USER 31->32 Heap 0->0 (created 10000)
F.
================================================================
  HB Gate #7: Touchpoint Evidence Write Latency Benchmark
================================================================
  Total Interactions : 100000
  Latency P95        : 0.0055 ms [Threshold <= 2.0 ms]
  Latency Max        : 1.0882 ms
================================================================
..............................................................................................................................................................................................................................................................................................................................................................................................................................................................................................................................................................................................................................................................................................................................................................................................................................................................................................................................................................................................................................................................................................................................................................................................................................................................................................................................................................................................................................................................................................................................................................................................................................................................................................................................................................................................................................................................................................................................................................................................................................................................................................................................................................................................................................................................................................................................................................................................................................................................................................................................................................................................................................................E....................................................................................................................................................................................................................................................................................................................................................................................................................................................................................................I........................II..............................................................................................................................................................................................................................................................................................................................................................................................................................................................................................................................................................................................................................................................................................................................................................................................................................................I......................................................................................................................................................................................................................................................................................................................................................................................................................................................................................................................................................................................................................................................................................................................................................................................................................................................................................................................................................................................................................................................................................................................................................................................................................................................................................................................................................................................

Tests Found   : 4653
Tests Ignored : 4
Tests Passed  : 4647
Tests Leaked  : 0
Tests Failed  : 1
Tests Errored : 1

Failing Tests

  Test.DeepBase.HB.Benchmark.TTestHbBenchmark.Gate6_TenThousandInstances_ZeroGdiAndHeapLeak
  Message: Condition is False when True expected. [HB Gate #6 VIOLATION: USER handle leak round 2 (before=31 after=32 delta=1)]



Tests With Errors

  Test.DeepBase.Resilience.Timeout.PBT.TTimeoutPolicyPropertyTests.Property6_TimeoutCancelsBackgroundTask
  Message: Access violation at address 00007FF6D612AC0A in module 'DeepBaseTests.exe' (offset 220AC0A). Read of address 0000000000000000


Unexpected Memory Leak
An unexpected memory leak has occurred. The unexpected small block leaks are:

9 - 24 bytes: TCR017Entity x 1, UnicodeString x 3
25 - 40 bytes: TCR016Entity x 3, TJSONPair x 16, TJSONObject x 34, TJSONString x 29, UnicodeString x 15340
41 - 56 bytes: CreateIntentLLMBackend$ActRec x 1, TTestIntentLLMBackend.Test_Backend_ChatFuncRaises_ExceptionPropagates$ActRec x 1, UnicodeString x 10216, Unknown x 7
57 - 72 bytes: TMapResult x 2, UnicodeString x 2, Unknown x 1
73 - 88 bytes: TBackupVersion x 1, TList<System.string> x 100, TAction x 100, TTestIntentParser.Test_ConcurrentRegisterAndParse$ActRec x 1, TList<System.JSON.TJSONPair> x 34, UnicodeString x 1
89 - 104 bytes: TObjectList<DeepBase.CloudSync.TConfigItem> x 2, TDictionary<System.string,System.Variant> x 8, TObjectList<DeepBase.FeatureFlags.TFlagVariant> x 7, TObjectList<DeepBase.FeatureFlags.TTargetingRule> x 7, TDictionary<System.string,System.string> x 26, UnicodeString x 2
105 - 120 bytes: TFeatureFlag x 7
169 - 184 bytes: Unknown x 3
313 - 344 bytes: Unknown x 5
377 - 408 bytes: Unknown x 1
