# R8-P2 前置基线：全库套件 Win64 真跑（并网前 BEFORE）
# 时刻 2026-09-21 16:15:58 启动 → 16:43 结束（墙钟约 27 分钟，HB Gate5 超线性慢为已知乙 P3-HB 单范围）
# exe = .tmp/fullsuite_exe/DeepBaseTests.exe，由 CWD=Tests 的 dcc64 全库编译产出
# 快照口径 = 16:14 的共享工作树脏快照（含乙未提交改动），仅作并网前基线参照，不代表 HEAD 级结论
# 编码：原始终端输出为 GBK(cp936)，本文件已无损转码为 UTF-8；数字口径见文末 Tests Found/Passed/Failed/Errored
**********************************************************************
*        DUnitX - (c) 2015-2026 Vincent Parrett & Contributors       *
*                                                                    *
*        License - http://www.apache.org/licenses/LICENSE-2.0        *
**********************************************************************

DUnitX - [DeepBaseTests.exe] - Starting Tests.

.................................................................................................................................................................................................................................................................................................................................................................................................................................................................................................................................................................................................................................................................................................................................................................................................................................................................................................................................................................................................................................................................................................................................................................................................................................................................................................................................................................................................................................................................................................................................................................................................................................................................................................................................................................................................................................................................................................................................................................................................................................................................................................................................................................................................................................................................................................................................................................................................................................................................................................................................................................................................................................................................................................................................................................................................................................................................................................................................................F...F.................................................................................................................................................................................................................................................................................................................................................................................................................................................................................................................................................................................................................................................................................................................................................................................................................................................................................................................................................................................................................................................................................................................................................................................................................................................................................................  HB Gate #1: sample 1/20 ...
  HB Gate #1: sample 2/20 ...
  HB Gate #1: sample 3/20 ...
  HB Gate #1: sample 4/20 ...
  HB Gate #1: sample 5/20 ...
  HB Gate #1: sample 6/20 ...
  HB Gate #1: sample 7/20 ...
  HB Gate #1: sample 8/20 ...
  HB Gate #1: sample 9/20 ...
  HB Gate #1: sample 10/20 ...
  HB Gate #1: sample 11/20 ...
  HB Gate #1: sample 12/20 ...
  HB Gate #1: sample 13/20 ...
  HB Gate #1: sample 14/20 ...
  HB Gate #1: sample 15/20 ...
  HB Gate #1: sample 16/20 ...
  HB Gate #1: sample 17/20 ...
  HB Gate #1: sample 18/20 ...
  HB Gate #1: sample 19/20 ...
  HB Gate #1: sample 20/20 ...

================================================================
  HB Gate #1: Cold Start First Paint
================================================================
  Samples : 20
  P50     : 267.33 ms
  P95     : 325.19 ms [Threshold <= 800 ms]
  Max     : 622.84 ms
================================================================
..
================================================================
  HB Gate #2: 100k Grid Scroll Frame Budget
================================================================
  Frames  : 500 (paint-only)
  Worst   : 3.773 ms [Threshold <= 16.6 ms]
  P95     : 1.747 ms
================================================================
..
================================================================
  HB Gate #3: Theme Switch Broadcast
================================================================
  Palette 1 : 5.970 ms [Threshold <= 100 ms]
  Palette 2 : 1.649 ms [Threshold <= 100 ms]
  Palette 3 : 1.149 ms [Threshold <= 100 ms]
  Palette 4 : 1.185 ms [Threshold <= 100 ms]
  Palette 5 : 1.177 ms [Threshold <= 100 ms]
  Palette 6 : 4.869 ms [Threshold <= 100 ms]
  Palette 7 : 2.188 ms [Threshold <= 100 ms]
  Palette 8 : 1.374 ms [Threshold <= 100 ms]
  Palette 9 : 1.216 ms [Threshold <= 100 ms]
  Palette 10 : 1.197 ms [Threshold <= 100 ms]
================================================================
..
================================================================
  HB Gate #4: DPI Switch Relayout
================================================================
  Step 1 : 0.032 ms [Threshold <= 30 ms]
  Step 2 : 21.589 ms [Threshold <= 30 ms]
================================================================
..  HB Gate #5: step 0/500 ...
  HB Gate #5: step 100/500 ...
  HB Gate #5: step 200/500 ...
  HB Gate #5: step 300/500 ...
  HB Gate #5: step 400/500 ...

================================================================
  HB Gate #5: Resize Interaction Budget
================================================================
  Steps : 500 (post warm-up)
  Worst : 10.863 ms [Threshold <= 16.6 ms]
================================================================
..  HB Gate #6 round 1: created 0/10000 ...
  HB Gate #6 round 1: created 2000/10000 ...
  HB Gate #6 round 1: created 4000/10000 ...
  HB Gate #6 round 1: created 6000/10000 ...
  HB Gate #6 round 1: created 8000/10000 ...
  Gate #6 round 1: GDI 42->42 USER 41->41 Heap 0->0 (created 10000)
  HB Gate #6 round 2: created 0/10000 ...
  HB Gate #6 round 2: created 2000/10000 ...
  HB Gate #6 round 2: created 4000/10000 ...
  HB Gate #6 round 2: created 6000/10000 ...
  HB Gate #6 round 2: created 8000/10000 ...
  Gate #6 round 2: GDI 42->42 USER 41->40 Heap 0->0 (created 10000)
..
================================================================
  HB Gate #7: Touchpoint Evidence Write Latency Benchmark
================================================================
  Total Interactions : 100000
  Latency P95        : 0.0043 ms [Threshold <= 2.0 ms]
  Latency Max        : 0.0604 ms
================================================================
..............................................................................................................................................................................................................................................................................................................................................................................................................................................................................................................................................................................................................................................................................................................................................................................................................................................................................................................................................................................................................................................................................................................................................................................................................................................................................................................................................................................................................................................................................................................................................................................................................................................................................................................................................................................................................................................F.F...................................................................................................................................................................................................................................................................................................................................................................................................................................................................................................................................................................................................................................................................................................................................................................F.........................E............................................................................................................................................................................................................................................................................................................................................................................................................................................I........................II..............................................................................................................................................................................................................................................................................................................................................................................................................................................................................................................................................................................................................................................................................................................................................................................................................................................I......................................................................................................................................................................................................................................................................................................................................................................................................................................................................................................................................................................................................................................................................................................................................................................................................................................................................................................................................................................................................................................................................................................................................................................................................................................................................................................................................................................................

Tests Found   : 4625
Tests Ignored : 4
Tests Passed  : 4615
Tests Leaked  : 0
Tests Failed  : 5
Tests Errored : 1

Failing Tests

  Test.DeepBase.Desktop.Perception.BitmapSource.TBitmapSourceTests.StaticPair_InjectedReplay_Unchanged
  Message: Condition is False when True expected. [second identical injected frame must short-circuit (Unchanged=True)]

  Test.DeepBase.Desktop.Perception.BitmapSource.TBitmapSourceTests.InjectedBitmap_FlowsThroughFrameDifferGate
  Message: Condition is False when True expected. [second static after seed]

  Test.DeepBase.Performance.TTestConfigPerformance.Benchmark_ConfigWrite
  Message: Condition is False when True expected. [Config write should exceed 4K ops/sec, got 3768]

  Test.DeepBase.Performance.TTestConfigPerformance.Benchmark_ConfigWrite_Batch
  Message: Condition is False when True expected. [Batch write should exceed 4K effective ops/sec]

  Test.DeepBase.Resilience.TTimeoutManagedWorkerStressTests.Test_ConcurrentFiringTimeouts_NoAV_NoQuarantineLeak
  Message: Top20 #19 / E6: 隔离区泄漏，压测后 15s 仍有 15 个被抛弃 worker 未回收



Tests With Errors

  Test.DeepBase.Resilience.Timeout.PBT.TTimeoutPolicyPropertyTests.Property6_TimeoutCancelsBackgroundTask
  Message: Access violation at address 00007FF7FACEE0DA in module 'DeepBaseTests.exe' (offset 21FE0DA). Read of address 0000000000000000


