# R8-P2 并网后 AFTER 预览：全库套件 Win64 真跑（隔离工作树 @ 2e97d11 + 仅新增 3 行 uses 注册）
# 法源 WO-20260920-AUDIT-甲-R8 §二 P2 / §四 验收「申报并入前/后 found+passed+errored 双数字」；改动前申报见 CodeReview/20260921-AUDIT-甲-R8-P2-改动前申报与串行化请求.md
# 方法：git worktree add --detach @2e97d11（干净 commit 快照，不含任何在制品），只在 Tests/DeepBaseTests.dpr 的 :216 之后插入
#       Test.DeepBase.Security.UBS2 / Test.DeepBase.Security.MachineIdentity / Test.DeepBase.SecureMemory 三行（git diff --stat = 1 file changed, 3 insertions(+)）
#       dcc64 全库编译 CWD=<worktree>/Tests（build_exit=0 / Error-Fatal=0，见证据 17 同源）→ 产 49,039,872 字节 DeepBaseTests.exe → 在 worktree 根目录真跑
# 时刻：2026-09-21 16:55:21 编译启动 → 16:55:49 运行启动 → 17:16 结束（墙钟约 20 分钟；HB Gate5 超线性慢为已知乙 P3-HB 单范围，甲未做任何排除或绕过）
# AFTER 数字（本文件文末原文）：found 4653 / passed 4646 / failed 2 / errored 1 / ignored 4 / leaked 0
# BEFORE 数字（证据 14/15）：found 4625 / passed 4615 / failed 5 / errored 1 / ignored 4 / leaked 0
# 新增 28 个用例 = found 增量（4653-4625）：TTestUBS2Envelope 15 + TTestMachineIdentity 8 + TTestSecureMemory 5，全部 Success（见证据 19 xml）
# 口径警告（不得当作受控对照）：BEFORE 取自 16:14 的共享工作树脏快照（含乙未提交在制品），AFTER 取自干净 commit 快照 2e97d11；
#   failed 5→2 的差项（Performance.TTestConfigPerformance x2、Resilience 超时压力 x1）属计时敏感项 + 快照差异所致，既不是甲的改进也不是甲的责任；
#   3 件新单元源文件当前正被乙修改，其 HEAD 版与乙在制品版不同 ⇒ 本预览只证明「插入 3 行即可编译并网、且新增用例全绿」。
# 交付定位：本文件为预跑证据，不代表 P2 已交付（Tests/DeepBaseTests.dpr 在共享树中一字未动）；正式 AFTER 数字在主控串行化窗口内、对落地 commit 复测。
# 编码：原始终端输出为 GBK(cp936)，本文件已无损转码为 UTF-8；NUL=0。
**********************************************************************
*        DUnitX - (c) 2015-2026 Vincent Parrett & Contributors       *
*                                                                    *
*        License - http://www.apache.org/licenses/LICENSE-2.0        *
**********************************************************************

DUnitX - [DeepBaseTests.exe] - Starting Tests.

.................................................................................................................................................................................................................................................................................................................................................................................................................................................................................................................................................................................................................................................................................................................................................................................................................................................................................................................................................................................................................................................................................................................................................................................................................................................................................................................................................................................................................................................................................................................................................................................................................................................................................................................................................................................................................................................................................................................................................................................................................................................................................................................................................................................................................................................................................................................................................................................................................................................................................................................................................................................................................................................................................................................................................................................................................................................................................................................................................F...F.................................................................................................................................................................................................................................................................................................................................................................................................................................................................................................................................................................................................................................................................................................................................................................................................................................................................................................................................................................................................................................................................................................................................................................................................................................................................................................  HB Gate #1: sample 1/20 ...
  HB Gate #1: sample 2/20 ...
  HB Gate #1: sample 3/20 ...
  HB Gate #1: sample 4/20 ...
  HB Gate #1: sample 5/20 ...
  HB Gate #1: sample 6/20 ...
  HB Gate #1: sample 7/20 ...
  HB Gate #1: sample 8/20 ...
  HB Gate #1: sample 9/20 ...
  HB Gate #1: sample 10/20 ...
  HB Gate #1: sample 11/20 ...
  HB Gate #1: sample 12/20 ...
  HB Gate #1: sample 13/20 ...
  HB Gate #1: sample 14/20 ...
  HB Gate #1: sample 15/20 ...
  HB Gate #1: sample 16/20 ...
  HB Gate #1: sample 17/20 ...
  HB Gate #1: sample 18/20 ...
  HB Gate #1: sample 19/20 ...
  HB Gate #1: sample 20/20 ...

================================================================
  HB Gate #1: Cold Start First Paint
================================================================
  Samples : 20
  P50     : 195.84 ms
  P95     : 290.34 ms [Threshold <= 800 ms]
  Max     : 1066.63 ms
================================================================
..
================================================================
  HB Gate #2: 100k Grid Scroll Frame Budget
================================================================
  Frames  : 500 (paint-only)
  Worst   : 2.058 ms [Threshold <= 16.6 ms]
  P95     : 1.601 ms
================================================================
..
================================================================
  HB Gate #3: Theme Switch Broadcast
================================================================
  Palette 1 : 4.053 ms [Threshold <= 100 ms]
  Palette 2 : 2.208 ms [Threshold <= 100 ms]
  Palette 3 : 1.359 ms [Threshold <= 100 ms]
  Palette 4 : 1.766 ms [Threshold <= 100 ms]
  Palette 5 : 1.798 ms [Threshold <= 100 ms]
  Palette 6 : 2.178 ms [Threshold <= 100 ms]
  Palette 7 : 1.667 ms [Threshold <= 100 ms]
  Palette 8 : 1.368 ms [Threshold <= 100 ms]
  Palette 9 : 1.350 ms [Threshold <= 100 ms]
  Palette 10 : 2.316 ms [Threshold <= 100 ms]
================================================================
..
================================================================
  HB Gate #4: DPI Switch Relayout
================================================================
  Step 1 : 0.002 ms [Threshold <= 30 ms]
  Step 2 : 13.495 ms [Threshold <= 30 ms]
================================================================
..  HB Gate #5: step 0/500 ...
  HB Gate #5: step 100/500 ...
  HB Gate #5: step 200/500 ...
  HB Gate #5: step 300/500 ...
  HB Gate #5: step 400/500 ...

================================================================
  HB Gate #5: Resize Interaction Budget
================================================================
  Steps : 500 (post warm-up)
  Worst : 3.272 ms [Threshold <= 16.6 ms]
================================================================
..  HB Gate #6 round 1: created 0/10000 ...
  HB Gate #6 round 1: created 2000/10000 ...
  HB Gate #6 round 1: created 4000/10000 ...
  HB Gate #6 round 1: created 6000/10000 ...
  HB Gate #6 round 1: created 8000/10000 ...
  Gate #6 round 1: GDI 42->42 USER 41->41 Heap 0->0 (created 10000)
  HB Gate #6 round 2: created 0/10000 ...
  HB Gate #6 round 2: created 2000/10000 ...
  HB Gate #6 round 2: created 4000/10000 ...
  HB Gate #6 round 2: created 6000/10000 ...
  HB Gate #6 round 2: created 8000/10000 ...
  Gate #6 round 2: GDI 42->42 USER 41->40 Heap 0->0 (created 10000)
..
================================================================
  HB Gate #7: Touchpoint Evidence Write Latency Benchmark
================================================================
  Total Interactions : 100000
  Latency P95        : 0.0041 ms [Threshold <= 2.0 ms]
  Latency Max        : 0.0403 ms
================================================================
..............................................................................................................................................................................................................................................................................................................................................................................................................................................................................................................................................................................................................................................................................................................................................................................................................................................................................................................................................................................................................................................................................................................................................................................................................................................................................................................................................................................................................................................................................................................................................................................................................................................................................................................................................................................................................................................................................................................................................................................................................................................................................................................................................................................................................................................................................................................................................................................................................................................................................................................................................................................................................................................E....................................................................................................................................................................................................................................................................................................................................................................................................................................................................................................I........................II..............................................................................................................................................................................................................................................................................................................................................................................................................................................................................................................................................................................................................................................................................................................................................................................................................................................I......................................................................................................................................................................................................................................................................................................................................................................................................................................................................................................................................................................................................................................................................................................................................................................................................................................................................................................................................................................................................................................................................................................................................................................................................................................................................................................................................................................................

Tests Found   : 4653
Tests Ignored : 4
Tests Passed  : 4646
Tests Leaked  : 0
Tests Failed  : 2
Tests Errored : 1

Failing Tests

  Test.DeepBase.Desktop.Perception.BitmapSource.TBitmapSourceTests.StaticPair_InjectedReplay_Unchanged
  Message: Condition is False when True expected. [second identical injected frame must short-circuit (Unchanged=True)]

  Test.DeepBase.Desktop.Perception.BitmapSource.TBitmapSourceTests.InjectedBitmap_FlowsThroughFrameDifferGate
  Message: Condition is False when True expected. [second static after seed]



Tests With Errors

  Test.DeepBase.Resilience.Timeout.PBT.TTimeoutPolicyPropertyTests.Property6_TimeoutCancelsBackgroundTask
  Message: Access violation at address 00007FF7FD218D7A in module 'DeepBaseTests.exe' (offset 2208D7A). Read of address 0000000000000000


