# 证据 26 —— R8-P2 落地后正式全量复跑（隔离工作树 @ commit e72d9f2）· 控制台原始输出（GBK→UTF-8 转码）

## 0. 本件取证口径（主控 裁定 1 / WO §九-2 验证协议）

| 项 | 值 |
| :--- | :--- |
| 被验 commit | `e72d9f2`（2026-09-21 22:43:09 +0800，`Tests/DeepBaseTests.dpr` 单文件 +3/−0） |
| 取证方式 | `git worktree add --detach` 隔离工作树 @ `e72d9f2`，**不在共享工作树跑**（共享树含乙在制品：`Tests/Test.DeepBase.TestPaths.pas` 未跟踪、`Tests/Test.DeepBase.HB.Benchmark.pas` 内容级 ` M`、`09_工程脚本/*-gate/*.js` 三件门禁脚本在制） |
| 隔离工作树 | `D:\_Progs\02Business\DeepBase\.tmp\wt_e72d9f2`（`git worktree list` 见证据 `25` §1） |
| 编译 | `dcc64` 全库，`BUILD_EXIT=0`，`385662 lines, 27.86 seconds, 38302620 bytes code, 3304536 bytes data`，产出 `49,039,872` 字节 `Tests\DeepBaseTests.exe`（22:50:45）—— 逐行与命令见证据 `25` §2/§3 |
| 运行 exe | `D:\_Progs\02Business\DeepBase\.tmp\wt_e72d9f2\Tests\DeepBaseTests.exe` |
| **运行 cwd** | `D:\_Progs\02Business\DeepBase\.tmp\wt_e72d9f2`（**工作树根目录**）。cwd 的机器可查证明：本次运行在 `<wt>/TestResults/`（根目录相对路径）新建了受影响目录集合，而 `<wt>/Tests/TestResults/` 不存在 ⇒ 进程 cwd = 工作树根，非 `Tests/`。（`Tests/Logs/test-diagnostic.log` 不能用于判定 cwd：`.dpr` 用 `ExtractFilePath(ParamStr(0))` 定位，恒在 exe 旁。） |
| 命令行 | `Tests\DeepBaseTests.exe --xmlfile:D:\_Progs\02Business\DeepBase\.tmp\r8p2\26-fullsuite-AFTER-e72d9f2.xml` |
| 运行起止 | 2026-09-21 22:51:13（NUnit XML `time` 属性）→ 23:10:53（进程退出，后台守护 `tasklist` 轮询实测 `PROCESS-EXITED 23:10:53`），墙钟 ≈ **19 分 40 秒** |
| 本件编码 | DUnitX 控制台输出为 GBK(cp936)，本件为 `iconv -f CP936 -t UTF-8` 转码结果；原始字节留在 `.tmp/r8p2/26-console.raw`（H18：转码后 NUL=0、无 BOM） |

## 0.1 关于「运行进程 EXIT」的诚实申报

本次全量跑的**进程退出码未被采集**（后台命令以 `>文件 2>&1` 重定向，未在末尾 `echo $?`）。不以推断补齐。替代口径：

* 全量套件的通过/失败结论以本件 §末尾的 DUnitX 汇总计数 + 证据 `27`（NUnit XML）为准，二者同源且互证；
* 甲交付范围（3 个新并入单元）的 EXIT 在证据 `28` §1 以**隔离过滤跑**单独采集：`RUN_EXIT=0`，Found 28 / Passed 28 / Failed 0 / Errored 0 / Ignored 0 / Leaked 0；
* 按 `Tests/DeepBaseTests.dpr` 主块的退出码语义（`AllPassed=False ⇒ ExitCode<>0`），本次全量跑因存在 2 failed + 1 errored（逐件点名见 `28` §3，全落乙域）其进程码必为非零 —— 该非零**不是**甲的交付判据，甲不据此声称全库绿。

## 1. 控制台原始输出（转码后全文，未删改）

**********************************************************************
*        DUnitX - (c) 2015-2026 Vincent Parrett & Contributors       *
*                                                                    *
*        License - http://www.apache.org/licenses/LICENSE-2.0        *
**********************************************************************

DUnitX - [DeepBaseTests.exe] - Starting Tests.

.................................................................................................................................................................................................................................................................................................................................................................................................................................................................................................................................................................................................................................................................................................................................................................................................................................................................................................................................................................................................................................................................................................................................................................................................................................................................................................................................................................................................................................................................................................................................................................................................................................................................................................................................................................................................................................................................................................................................................................................................................................................................................................................................................................................................................................................................................................................................................................................................................................................................................................................................................................................................................................................................................................................................................................................................................................................................................................................................................F...F.................................................................................................................................................................................................................................................................................................................................................................................................................................................................................................................................................................................................................................................................................................................................................................................................................................................................................................................................................................................................................................................................................................................................................................................................................................................................................................  HB Gate #1: sample 1/20 ...
  HB Gate #1: sample 2/20 ...
  HB Gate #1: sample 3/20 ...
  HB Gate #1: sample 4/20 ...
  HB Gate #1: sample 5/20 ...
  HB Gate #1: sample 6/20 ...
  HB Gate #1: sample 7/20 ...
  HB Gate #1: sample 8/20 ...
  HB Gate #1: sample 9/20 ...
  HB Gate #1: sample 10/20 ...
  HB Gate #1: sample 11/20 ...
  HB Gate #1: sample 12/20 ...
  HB Gate #1: sample 13/20 ...
  HB Gate #1: sample 14/20 ...
  HB Gate #1: sample 15/20 ...
  HB Gate #1: sample 16/20 ...
  HB Gate #1: sample 17/20 ...
  HB Gate #1: sample 18/20 ...
  HB Gate #1: sample 19/20 ...
  HB Gate #1: sample 20/20 ...

================================================================
  HB Gate #1: Cold Start First Paint
================================================================
  Samples : 20
  P50     : 171.16 ms
  P95     : 216.42 ms [Threshold <= 800 ms]
  Max     : 1284.61 ms
================================================================
..
================================================================
  HB Gate #2: 100k Grid Scroll Frame Budget
================================================================
  Frames  : 500 (paint-only)
  Worst   : 2.338 ms [Threshold <= 16.6 ms]
  P95     : 1.503 ms
================================================================
..
================================================================
  HB Gate #3: Theme Switch Broadcast
================================================================
  Palette 1 : 5.125 ms [Threshold <= 100 ms]
  Palette 2 : 2.769 ms [Threshold <= 100 ms]
  Palette 3 : 2.951 ms [Threshold <= 100 ms]
  Palette 4 : 3.971 ms [Threshold <= 100 ms]
  Palette 5 : 1.528 ms [Threshold <= 100 ms]
  Palette 6 : 2.338 ms [Threshold <= 100 ms]
  Palette 7 : 1.232 ms [Threshold <= 100 ms]
  Palette 8 : 1.040 ms [Threshold <= 100 ms]
  Palette 9 : 2.087 ms [Threshold <= 100 ms]
  Palette 10 : 1.234 ms [Threshold <= 100 ms]
================================================================
..
================================================================
  HB Gate #4: DPI Switch Relayout
================================================================
  Step 1 : 0.023 ms [Threshold <= 30 ms]
  Step 2 : 13.207 ms [Threshold <= 30 ms]
================================================================
..  HB Gate #5: step 0/500 ...
  HB Gate #5: step 100/500 ...
  HB Gate #5: step 200/500 ...
  HB Gate #5: step 300/500 ...
  HB Gate #5: step 400/500 ...

================================================================
  HB Gate #5: Resize Interaction Budget
================================================================
  Steps : 500 (post warm-up)
  Worst : 5.028 ms [Threshold <= 16.6 ms]
================================================================
..  HB Gate #6 round 1: created 0/10000 ...
  HB Gate #6 round 1: created 2000/10000 ...
  HB Gate #6 round 1: created 4000/10000 ...
  HB Gate #6 round 1: created 6000/10000 ...
  HB Gate #6 round 1: created 8000/10000 ...
  Gate #6 round 1: GDI 36->36 USER 35->35 Heap 0->0 (created 10000)
  HB Gate #6 round 2: created 0/10000 ...
  HB Gate #6 round 2: created 2000/10000 ...
  HB Gate #6 round 2: created 4000/10000 ...
  HB Gate #6 round 2: created 6000/10000 ...
  HB Gate #6 round 2: created 8000/10000 ...
  Gate #6 round 2: GDI 36->36 USER 35->35 Heap 0->0 (created 10000)
..
================================================================
  HB Gate #7: Touchpoint Evidence Write Latency Benchmark
================================================================
  Total Interactions : 100000
  Latency P95        : 0.0040 ms [Threshold <= 2.0 ms]
  Latency Max        : 0.0534 ms
================================================================
..............................................................................................................................................................................................................................................................................................................................................................................................................................................................................................................................................................................................................................................................................................................................................................................................................................................................................................................................................................................................................................................................................................................................................................................................................................................................................................................................................................................................................................................................................................................................................................................................................................................................................................................................................................................................................................................................................................................................................................................................................................................................................................................................................................................................................................................................................................................................................................................................................................................................................................................................................................................................................................................E....................................................................................................................................................................................................................................................................................................................................................................................................................................................................................................I........................II..............................................................................................................................................................................................................................................................................................................................................................................................................................................................................................................................................................................................................................................................................................................................................................................................................................................I......................................................................................................................................................................................................................................................................................................................................................................................................................................................................................................................................................................................................................................................................................................................................................................................................................................................................................................................................................................................................................................................................................................................................................................................................................................................................................................................................................................................

Tests Found   : 4653
Tests Ignored : 4
Tests Passed  : 4646
Tests Leaked  : 0
Tests Failed  : 2
Tests Errored : 1

Failing Tests

  Test.DeepBase.Desktop.Perception.BitmapSource.TBitmapSourceTests.StaticPair_InjectedReplay_Unchanged
  Message: Condition is False when True expected. [second identical injected frame must short-circuit (Unchanged=True)]

  Test.DeepBase.Desktop.Perception.BitmapSource.TBitmapSourceTests.InjectedBitmap_FlowsThroughFrameDifferGate
  Message: Condition is False when True expected. [second static after seed]



Tests With Errors

  Test.DeepBase.Resilience.Timeout.PBT.TTimeoutPolicyPropertyTests.Property6_TimeoutCancelsBackgroundTask
  Message: Access violation at address 00007FF7BE638D9A in module 'DeepBaseTests.exe' (offset 2208D9A). Read of address 0000000000000000


